<html>
<body>
<pre>
<h1>礦ision Build Log</h1>
<h2>Tool Versions:</h2>
IDE-Version: μVision V5.33.0.0
Copyright (C) 2020 ARM Ltd and ARM Germany GmbH. All rights reserved.
License Information: 1 1, 1, LIC=HN0AE-5DTIU-HL2CL-0NVJI-V7YGG-2QR7G
 
Tool Versions:
Toolchain:       MDK-ARM Plus  Version: 5.33.0.0
Toolchain Path:  C:\Keil_v5\ARM\ARMCC\Bin
C Compiler:      Armcc.exe V5.06 update 7 (build 960)
Assembler:       Armasm.exe V5.06 update 7 (build 960)
Linker/Locator:  ArmLink.exe V5.06 update 7 (build 960)
Library Manager: ArmAr.exe V5.06 update 7 (build 960)
Hex Converter:   FromElf.exe V5.06 update 7 (build 960)
CPU DLL:         SARMCM3.DLL V5.33.0.0
Dialog DLL:      DARMSTM.DLL V1.68.0.0
Target DLL:      UL2CM3.DLL V1.163.9.0
Dialog DLL:      TARMSTM.DLL V1.66.0.0
 
<h2>Project:</h2>
D:\Desktop\大创 智能教室代码\USER\smart_classroom.uvprojx
Project File Date:  03/08/2021

<h2>Output:</h2>
*** Using Compiler 'V5.06 update 7 (build 960)', folder: 'C:\Keil_v5\ARM\ARMCC\Bin'
Rebuild target 'smart_classroom'
compiling stm32f10x_it.c...
compiling system_stm32f10x.c...
compiling main.c...
main.c(57): warning:  #177-D: variable "camera_temp"  was declared but never referenced
    u16 camera_temp;
main.c(64): warning:  #177-D: variable "t"  was declared but never referenced
  	u8 t=0;	
main.c(65): warning:  #177-D: variable "buf2"  was declared but never referenced
  	u8 buf2[1]={0xFF};
main.c(158): warning:  #177-D: variable "j"  was declared but never referenced
  u32 i,j,k;
main.c(408): warning:  #550-D: variable "camera_temp"  was set but never used
      u16 camera_temp;
main.c(416): warning:  #177-D: variable "t"  was declared but never referenced
  	u8 t=0;	
main.c(417): warning:  #177-D: variable "buf2"  was declared but never referenced
  	u8 buf2[1]={0xFF};  
main.c(760): warning:  #1-D: last line of file ends without a newline
  }
main.c(568): warning:  #177-D: variable "buf"  was declared but never referenced
  	 u8 *buf=0;
main.c(569): warning:  #177-D: variable "t"  was declared but never referenced
  	 u8 t=0;
main.c(580): warning:  #177-D: variable "msgbuf"  was declared but never referenced
  	u8 msgbuf[15];//消息缓存区
main.c(581): warning:  #177-D: variable "tm"  was declared but never referenced
  	u8 tm=0;
main.c: 12 warnings, 0 errors
compiling led.c...
compiling key.c...
compiling tpad.c...
compiling exti.c...
compiling lcd.c...
compiling ov7725.c...
compiling timer.c...
compiling beep.c...
compiling adc.c...
compiling sccb.c...
compiling lsens.c...
compiling malloc.c...
compiling ov7670.c...
compiling spi.c...
compiling stmflash.c...
compiling sdio_sdcard.c...
compiling delay.c...
compiling w25qxx.c...
compiling core_cm3.c...
assembling startup_stm32f10x_hd.s...
compiling sys.c...
compiling usart.c...
compiling misc.c...
compiling stm32f10x_fsmc.c...
compiling stm32f10x_gpio.c...
compiling stm32f10x_rcc.c...
compiling stm32f10x_usart.c...
compiling stm32f10x_exti.c...
compiling stm32f10x_bkp.c...
compiling stm32f10x_adc.c...
compiling stm32f10x_tim.c...
compiling stm32f10x_cec.c...
compiling stm32f10x_crc.c...
compiling stm32f10x_can.c...
compiling stm32f10x_dbgmcu.c...
compiling stm32f10x_dac.c...
compiling stm32f10x_dma.c...
compiling stm32f10x_iwdg.c...
compiling stm32f10x_i2c.c...
compiling stm32f10x_flash.c...
compiling stm32f10x_pwr.c...
compiling stm32f10x_rtc.c...
compiling stm32f10x_sdio.c...
compiling stm32f10x_wwdg.c...
compiling stm32f10x_spi.c...
compiling usmart.c...
compiling usmart_config.c...
compiling usmart_str.c...
linking...
Program Size: Code=33744 RO-data=7144 RW-data=416 ZI-data=8220  
FromELF: creating hex file...
"..\OBJ\smart_classroom.axf" - 0 Error(s), 12 Warning(s).

<h2>Software Packages used:</h2>

Package Vendor: Keil
                http://www.keil.com/pack/Keil.STM32F1xx_DFP.2.3.0.pack
                Keil.STM32F1xx_DFP.2.3.0
                STMicroelectronics STM32F1 Series Device Support, Drivers and Examples

<h2>Collection of Component include folders:</h2>
  C:\Users\ruieight_xuan\AppData\Local\Arm\Packs\Keil\STM32F1xx_DFP\2.3.0\Device\Include

<h2>Collection of Component Files used:</h2>
Build Time Elapsed:  00:00:12
</pre>
</body>
</html>
