Component: ARM Compiler 5.06 update 7 (build 960) Tool: armlink [4d3601]

==============================================================================

Section Cross References

    main.o(i.OV7725_camera_refresh) refers to rt_memclr_w.o(.text) for __aeabi_memclr4
    main.o(i.OV7725_camera_refresh) refers to lcd.o(i.LCD_Scan_Dir) for LCD_Scan_Dir
    main.o(i.OV7725_camera_refresh) refers to lcd.o(i.LCD_Set_Window) for LCD_Set_Window
    main.o(i.OV7725_camera_refresh) refers to lcd.o(i.LCD_WriteRAM_Prepare) for LCD_WriteRAM_Prepare
    main.o(i.OV7725_camera_refresh) refers to stmflash.o(i.STMFLASH_Write) for STMFLASH_Write
    main.o(i.OV7725_camera_refresh) refers to exti.o(.data) for ov_sta
    main.o(i.OV7725_camera_refresh) refers to lcd.o(.bss) for lcddev
    main.o(i.OV7725_camera_refresh) refers to main.o(.data) for .data
    main.o(i.OV7725_camera_refresh) refers to timer.o(.data) for ov_frame
    main.o(i.bk_refresh) refers to rt_memclr_w.o(.text) for __aeabi_memclr4
    main.o(i.bk_refresh) refers to lcd.o(i.LCD_Scan_Dir) for LCD_Scan_Dir
    main.o(i.bk_refresh) refers to lcd.o(i.LCD_Set_Window) for LCD_Set_Window
    main.o(i.bk_refresh) refers to lcd.o(i.LCD_WriteRAM_Prepare) for LCD_WriteRAM_Prepare
    main.o(i.bk_refresh) refers to w25qxx.o(i.W25QXX_Write) for W25QXX_Write
    main.o(i.bk_refresh) refers to exti.o(.data) for ov_sta
    main.o(i.bk_refresh) refers to lcd.o(.bss) for lcddev
    main.o(i.bk_refresh) refers to timer.o(.data) for ov_frame
    main.o(i.cf) refers to rt_memclr_w.o(.text) for __aeabi_memclr4
    main.o(i.cf) refers to stmflash.o(i.STMFLASH_Read) for STMFLASH_Read
    main.o(i.cf) refers to w25qxx.o(i.W25QXX_Read) for W25QXX_Read
    main.o(i.cf) refers to stmflash.o(i.STMFLASH_Write) for STMFLASH_Write
    main.o(i.ele_mag_Init) refers to stm32f10x_rcc.o(i.RCC_APB2PeriphClockCmd) for RCC_APB2PeriphClockCmd
    main.o(i.ele_mag_Init) refers to stm32f10x_gpio.o(i.GPIO_Init) for GPIO_Init
    main.o(i.ele_mag_Init) refers to stm32f10x_gpio.o(i.GPIO_ResetBits) for GPIO_ResetBits
    main.o(i.main) refers to rt_memclr_w.o(.text) for __aeabi_memclr4
    main.o(i.main) refers to delay.o(i.delay_init) for delay_init
    main.o(i.main) refers to misc.o(i.NVIC_PriorityGroupConfig) for NVIC_PriorityGroupConfig
    main.o(i.main) refers to usart.o(i.uart_init) for uart_init
    main.o(i.main) refers to led.o(i.LED_Init) for LED_Init
    main.o(i.main) refers to key.o(i.KEY_Init) for KEY_Init
    main.o(i.main) refers to lcd.o(i.LCD_Init) for LCD_Init
    main.o(i.main) refers to w25qxx.o(i.W25QXX_Init) for W25QXX_Init
    main.o(i.main) refers to tpad.o(i.TPAD_Init) for TPAD_Init
    main.o(i.main) refers to main.o(i.ele_mag_Init) for ele_mag_Init
    main.o(i.main) refers to lcd.o(i.LCD_ShowString) for LCD_ShowString
    main.o(i.main) refers to delay.o(i.delay_ms) for delay_ms
    main.o(i.main) refers to w25qxx.o(i.W25QXX_ReadID) for W25QXX_ReadID
    main.o(i.main) refers to ov7725.o(i.OV7725_Init) for OV7725_Init
    main.o(i.main) refers to ov7670.o(i.OV7670_Init) for OV7670_Init
    main.o(i.main) refers to lcd.o(i.LCD_Fill) for LCD_Fill
    main.o(i.main) refers to key.o(i.KEY_Scan) for KEY_Scan
    main.o(i.main) refers to ov7725.o(i.OV7725_Window_Set) for OV7725_Window_Set
    main.o(i.main) refers to ov7725.o(i.OV7725_Light_Mode) for OV7725_Light_Mode
    main.o(i.main) refers to ov7725.o(i.OV7725_Color_Saturation) for OV7725_Color_Saturation
    main.o(i.main) refers to ov7725.o(i.OV7725_Brightness) for OV7725_Brightness
    main.o(i.main) refers to ov7725.o(i.OV7725_Contrast) for OV7725_Contrast
    main.o(i.main) refers to ov7725.o(i.OV7725_Special_Effects) for OV7725_Special_Effects
    main.o(i.main) refers to timer.o(i.TIM6_Int_Init) for TIM6_Int_Init
    main.o(i.main) refers to exti.o(i.EXTI8_Init) for EXTI8_Init
    main.o(i.main) refers to lcd.o(i.LCD_Clear) for LCD_Clear
    main.o(i.main) refers to main.o(i.update_bk) for update_bk
    main.o(i.main) refers to ov7670.o(i.OV7670_Light_Mode) for OV7670_Light_Mode
    main.o(i.main) refers to ov7670.o(i.OV7670_Color_Saturation) for OV7670_Color_Saturation
    main.o(i.main) refers to ov7670.o(i.OV7670_Brightness) for OV7670_Brightness
    main.o(i.main) refers to ov7670.o(i.OV7670_Contrast) for OV7670_Contrast
    main.o(i.main) refers to ov7670.o(i.OV7670_Special_Effects) for OV7670_Special_Effects
    main.o(i.main) refers to ov7670.o(i.OV7670_Window_Set) for OV7670_Window_Set
    main.o(i.main) refers to main.o(i.OV7725_camera_refresh) for OV7725_camera_refresh
    main.o(i.main) refers to w25qxx.o(i.W25QXX_Read) for W25QXX_Read
    main.o(i.main) refers to w25qxx.o(i.W25QXX_Write) for W25QXX_Write
    main.o(i.main) refers to tpad.o(i.TPAD_Scan) for TPAD_Scan
    main.o(i.main) refers to stm32f10x_gpio.o(i.GPIO_SetBits) for GPIO_SetBits
    main.o(i.main) refers to main.o(i.cf) for cf
    main.o(i.main) refers to main.o(i.remo_noise) for remo_noise
[...]
    i.W25QXX_ReadID                          0x08006174   Section        0  w25qxx.o(i.W25QXX_ReadID)
    i.W25QXX_ReadSR                          0x080061b8   Section        0  w25qxx.o(i.W25QXX_ReadSR)
    i.W25QXX_Wait_Busy                       0x080061dc   Section        0  w25qxx.o(i.W25QXX_Wait_Busy)
    i.W25QXX_Write                           0x080061e8   Section        0  w25qxx.o(i.W25QXX_Write)
    i.W25QXX_Write_Enable                    0x08006284   Section        0  w25qxx.o(i.W25QXX_Write_Enable)
    i.W25QXX_Write_NoCheck                   0x080062a4   Section        0  w25qxx.o(i.W25QXX_Write_NoCheck)
    i.W25QXX_Write_Page                      0x080062e4   Section        0  w25qxx.o(i.W25QXX_Write_Page)
    i._is_digit                              0x0800633c   Section        0  __printf_wp.o(i._is_digit)
    i._sys_exit                              0x0800634a   Section        0  usart.o(i._sys_exit)
    i.bk_refresh                             0x0800634c   Section        0  main.o(i.bk_refresh)
    i.cf                                     0x080064cc   Section        0  main.o(i.cf)
    i.delay_init                             0x08006564   Section        0  delay.o(i.delay_init)
    i.delay_ms                               0x080065a0   Section        0  delay.o(i.delay_ms)
    i.delay_us                               0x080065d4   Section        0  delay.o(i.delay_us)
    i.ele_mag_Init                           0x08006608   Section        0  main.o(i.ele_mag_Init)
    i.fputc                                  0x08006684   Section        0  usart.o(i.fputc)
    i.main                                   0x0800669c   Section        0  main.o(i.main)
    i.read_addr                              0x08006c12   Section        0  usmart.o(i.read_addr)
    i.recg_person                            0x08006c18   Section        0  main.o(i.recg_person)
    i.remo_noise                             0x08006ee4   Section        0  main.o(i.remo_noise)
    i.six2one                                0x08007210   Section        0  main.o(i.six2one)
    i.uart_init                              0x08007230   Section        0  usart.o(i.uart_init)
    i.update_bk                              0x080072d0   Section        0  main.o(i.update_bk)
    i.usmart_cmd_rec                         0x080073c4   Section        0  usmart.o(i.usmart_cmd_rec)
    i.usmart_exe                             0x08007458   Section        0  usmart.o(i.usmart_exe)
    i.usmart_get_aparm                       0x080076b8   Section        0  usmart_str.o(i.usmart_get_aparm)
    i.usmart_get_cmdname                     0x08007754   Section        0  usmart_str.o(i.usmart_get_cmdname)
    i.usmart_get_fname                       0x08007784   Section        0  usmart_str.o(i.usmart_get_fname)
    i.usmart_get_fparam                      0x080078ec   Section        0  usmart_str.o(i.usmart_get_fparam)
    i.usmart_get_parmpos                     0x080079bc   Section        0  usmart_str.o(i.usmart_get_parmpos)
    i.usmart_get_runtime                     0x080079e0   Section        0  usmart.o(i.usmart_get_runtime)
    i.usmart_init                            0x08007a18   Section        0  usmart.o(i.usmart_init)
    i.usmart_pow                             0x08007a40   Section        0  usmart_str.o(i.usmart_pow)
    i.usmart_reset_runtime                   0x08007a50   Section        0  usmart.o(i.usmart_reset_runtime)
    i.usmart_scan                            0x08007a80   Section        0  usmart.o(i.usmart_scan)
    i.usmart_search_nextc                    0x08007b24   Section        0  usmart_str.o(i.usmart_search_nextc)
    i.usmart_str2num                         0x08007b34   Section        0  usmart_str.o(i.usmart_str2num)
    i.usmart_strcmp                          0x08007bd4   Section        0  usmart_str.o(i.usmart_strcmp)
    i.usmart_strcopy                         0x08007bec   Section        0  usmart_str.o(i.usmart_strcopy)
    i.usmart_strlen                          0x08007bfe   Section        0  usmart_str.o(i.usmart_strlen)
    i.usmart_sys_cmd_exe                     0x08007c10   Section        0  usmart.o(i.usmart_sys_cmd_exe)
    i.write_addr                             0x08008280   Section        0  usmart.o(i.write_addr)
    x$fpl$dfixu                              0x08008284   Section       90  dfixu.o(x$fpl$dfixu)
    x$fpl$dfltu                              0x080082de   Section       38  dflt_clz.o(x$fpl$dfltu)
    x$fpl$dmul                               0x08008304   Section      340  dmul.o(x$fpl$dmul)
    x$fpl$dnaninf                            0x08008458   Section      156  dnaninf.o(x$fpl$dnaninf)
    x$fpl$dretinf                            0x080084f4   Section       12  dretinf.o(x$fpl$dretinf)
    .constdata                               0x08008500   Section     6080  lcd.o(.constdata)
    x$fpl$usenofp                            0x08008500   Section        0  usenofp.o(x$fpl$usenofp)
    .constdata                               0x08009cc0   Section      130  ov7725.o(.constdata)
    .constdata                               0x08009d42   Section      336  ov7670.o(.constdata)
    .constdata                               0x08009e92   Section       40  _printf_hex_int.o(.constdata)
    uc_hextab                                0x08009e92   Data          20  _printf_hex_int.o(.constdata)
    lc_hextab                                0x08009ea6   Data          20  _printf_hex_int.o(.constdata)
    .constdata                               0x08009eba   Section       17  __printf_flags_ss_wp.o(.constdata)
    maptable                                 0x08009eba   Data          17  __printf_flags_ss_wp.o(.constdata)
    .conststring                             0x08009ecc   Section       40  usmart.o(.conststring)
    .conststring                             0x08009ef4   Section      163  usmart_config.o(.conststring)
    .data                                    0x20000000   Section       12  main.o(.data)
    .data                                    0x2000000c   Section       20  system_stm32f10x.o(.data)
    .data                                    0x20000020   Section        1  key.o(.data)
    key_up                                   0x20000020   Data           1  key.o(.data)
    .data                                    0x20000022   Section        4  lcd.o(.data)
    .data                                    0x20000026   Section        4  tpad.o(.data)
    keyen                                    0x20000026   Data           1  tpad.o(.data)
    .data                                    0x2000002a   Section        1  exti.o(.data)
    .data                                    0x2000002c   Section        4  timer.o(.data)
    .data                                    0x20000030   Section       16  sdio_sdcard.o(.data)
    CardType                                 0x20000030   Data           1  sdio_sdcard.o(.data)
    DeviceMode                               0x20000031   Data           1  sdio_sdcard.o(.data)
    StopCondition                            0x20000032   Data           1  sdio_sdcard.o(.data)
    RCA                                      0x20000038   Data           4  sdio_sdcard.o(.data)
    .data                                    0x20000040   Section        2  w25qxx.o(.data)
    .data                                    0x20000042   Section        4  delay.o(.data)
    fac_us                                   0x20000042   Data           1  delay.o(.data)
    fac_ms                                   0x20000044   Data           2  delay.o(.data)
    .data                                    0x20000046   Section        2  usart.o(.data)
    .data                                    0x20000048   Section        4  usart.o(.data)
    .data                                    0x2000004c   Section       20  stm32f10x_rcc.o(.data)
    ADCPrescTable                            0x2000004c   Data           4  stm32f10x_rcc.o(.data)
    APBAHBPrescTable                         0x20000050   Data          16  stm32f10x_rcc.o(.data)
    .data                                    0x20000060   Section       28  usmart.o(.data)
    .data                                    0x2000007c   Section       48  usmart_config.o(.data)
    .data                                    0x200000ac   Section      244  usmart_config.o(.data)
    .bss                                     0x200001a0   Section       14  lcd.o(.bss)
    .bss                                     0x200001b0   Section      704  sdio_sdcard.o(.bss)
    CSD_Tab                                  0x200001f4   Data          16  sdio_sdcard.o(.bss)
    CID_Tab                                  0x20000204   Data          16  sdio_sdcard.o(.bss)
    .bss                                     0x20000470   Section     2048  stmflash.o(.bss)
    .bss                                     0x20000c70   Section     4096  w25qxx.o(.bss)
    .bss                                     0x20001c70   Section      200  usart.o(.bss)
    .bss                                     0x20001d38   Section       96  libspace.o(.bss)
    HEAP                                     0x20001d98   Section        0  startup_stm32f10x_hd.o(HEAP)
    STACK                                    0x20001d98   Section     1024  startup_stm32f10x_hd.o(STACK)
    Heap_Mem                                 0x20001d98   Data           0  startup_stm32f10x_hd.o(HEAP)
    Stack_Mem                                0x20001d98   Data        1024  startup_stm32f10x_hd.o(STACK)
    __initial_sp                             0x20002198   Data           0  startup_stm32f10x_hd.o(STACK)
    .ARM.__AT_0x68000000                     0x68000000   Section       32  malloc.o(.ARM.__AT_0x68000000)
    .ARM.__AT_0x68000020                     0x68000020   Section        2  malloc.o(.ARM.__AT_0x68000020)

    Global Symbols

    Symbol Name                              Value     Ov Type        Size  Object(Section)

    BuildAttributes$$THM_ISAv4$P$D$K$B$S$PE$A:L22UL41UL21$X:L11$S22US41US21$IEEE1$IW$USESV6$~STKCKD$USESV7$~SHL$OSPACE$ROPI$EBA8$UX$STANDARDLIB$REQ8$PRES8$EABIv2 0x00000000   Number         0  anon$$obj.o ABSOLUTE
    __ARM_use_no_argv                        0x00000000   Number         0  main.o ABSOLUTE
    _printf_flags                            0x00000000   Number         0  printf_stubs.o ABSOLUTE
    _printf_return_value                     0x00000000   Number         0  printf_stubs.o ABSOLUTE
    _printf_sizespec                         0x00000000   Number         0  printf_stubs.o ABSOLUTE
    _printf_widthprec                        0x00000000   Number         0  printf_stubs.o ABSOLUTE
    __ARM_exceptions_init                     - Undefined Weak Reference
    __alloca_initialize                       - Undefined Weak Reference
    __arm_fini_                               - Undefined Weak Reference
    __arm_preinit_                            - Undefined Weak Reference
    __cpp_initialize__aeabi_                  - Undefined Weak Reference
    __cxa_finalize                            - Undefined Weak Reference
    __rt_locale                               - Undefined Weak Reference
    __sigvec_lookup                           - Undefined Weak Reference
    _atexit_init                              - Undefined Weak Reference
    _call_atexit_fns                          - Undefined Weak Reference
    _clock_init                               - Undefined Weak Reference
    _fp_trap_init                             - Undefined Weak Reference
    _fp_trap_shutdown                         - Undefined Weak Reference
    _get_lc_collate                           - Undefined Weak Reference
    _get_lc_ctype                             - Undefined Weak Reference
    _get_lc_monetary                          - Undefined Weak Reference
    _get_lc_numeric                           - Undefined Weak Reference
    _get_lc_time                              - Undefined Weak Reference
    _getenv_init                              - Undefined Weak Reference
    _handle_redirection                       - Undefined Weak Reference
    _init_alloc                               - Undefined Weak Reference
    _init_user_alloc                          - Undefined Weak Reference
    _initio                                   - Undefined Weak Reference
    _mutex_acquire                            - Undefined Weak Reference
    _mutex_release                            - Undefined Weak Reference
    _printf_mbtowc                            - Undefined Weak Reference
    _printf_truncate_signed                   - Undefined Weak Reference
    _printf_truncate_unsigned                 - Undefined Weak Reference
    _rand_init                                - Undefined Weak Reference
    _signal_finish                            - Undefined Weak Reference
    _signal_init                              - Undefined Weak Reference
    _terminate_alloc                          - Undefined Weak Reference
    _terminate_user_alloc                     - Undefined Weak Reference
    _terminateio                              - Undefined Weak Reference
    __Vectors_Size                           0x00000130   Number         0  startup_stm32f10x_hd.o ABSOLUTE
    __Vectors                                0x08000000   Data           4  startup_stm32f10x_hd.o(RESET)
    __Vectors_End                            0x08000130   Data           0  startup_stm32f10x_hd.o(RESET)
    __main                                   0x08000131   Thumb Code     8  __main.o(!!!main)
    __scatterload                            0x08000139   Thumb Code     0  __scatter.o(!!!scatter)
    __scatterload_rt2                        0x08000139   Thumb Code    44  __scatter.o(!!!scatter)
    __scatterload_rt2_thumb_only             0x08000139   Thumb Code     0  __scatter.o(!!!scatter)
    __scatterload_null                       0x08000147   Thumb Code     0  __scatter.o(!!!scatter)
    __decompress                             0x0800016d   Thumb Code    90  __dczerorl2.o(!!dczerorl2)
    __decompress1                            0x0800016d   Thumb Code     0  __dczerorl2.o(!!dczerorl2)
    __scatterload_zeroinit                   0x080001c9   Thumb Code    28  __scatter_zi.o(!!handler_zi)
    _printf_d                                0x080001e5   Thumb Code     0  _printf_d.o(.ARM.Collect$$_printf_percent$$00000009)
    _printf_percent                          0x080001e5   Thumb Code     0  _printf_percent.o(.ARM.Collect$$_printf_percent$$00000000)
    _printf_u                                0x080001eb   Thumb Code     0  _printf_u.o(.ARM.Collect$$_printf_percent$$0000000A)
    _printf_x                                0x080001f1   Thumb Code     0  _printf_x.o(.ARM.Collect$$_printf_percent$$0000000C)
    _printf_c                                0x080001f7   Thumb Code     0  _printf_c.o(.ARM.Collect$$_printf_percent$$00000013)
    _printf_s                                0x080001fd   Thumb Code     0  _printf_s.o(.ARM.Collect$$_printf_percent$$00000014)
    _printf_percent_end                      0x08000203   Thumb Code     0  _printf_percent_end.o(.ARM.Collect$$_printf_percent$$00000017)
    __rt_lib_init                            0x08000207   Thumb Code     0  libinit.o(.ARM.Collect$$libinit$$00000000)
    __rt_lib_init_alloca_1                   0x08000209   Thumb Code     0  libinit2.o(.ARM.Collect$$libinit$$0000002E)
    __rt_lib_init_argv_1                     0x08000209   Thumb Code     0  libinit2.o(.ARM.Collect$$libinit$$0000002C)
    __rt_lib_init_atexit_1                   0x08000209   Thumb Code     0  libinit2.o(.ARM.Collect$$libinit$$0000001B)
    __rt_lib_init_clock_1                    0x08000209   Thumb Code     0  libinit2.o(.ARM.Collect$$libinit$$00000021)
    __rt_lib_init_cpp_1                      0x08000209   Thumb Code     0  libinit2.o(.ARM.Collect$$libinit$$00000032)
    __rt_lib_init_exceptions_1               0x08000209   Thumb Code     0  libinit2.o(.ARM.Collect$$libinit$$00000030)
    __rt_lib_init_fp_1                       0x08000209   Thumb Code     0  libinit2.o(.ARM.Collect$$libinit$$00000002)
    __rt_lib_init_fp_trap_1                  0x08000209   Thumb Code     0  libinit2.o(.ARM.Collect$$libinit$$0000001F)
    __rt_lib_init_getenv_1                   0x08000209   Thumb Code     0  libinit2.o(.ARM.Collect$$libinit$$00000023)
    __rt_lib_init_heap_1                     0x08000209   Thumb Code     0  libinit2.o(.ARM.Collect$$libinit$$0000000A)
    __rt_lib_init_lc_collate_1               0x08000209   Thumb Code     0  libinit2.o(.ARM.Collect$$libinit$$00000011)
    __rt_lib_init_lc_ctype_1                 0x08000209   Thumb Code     0  libinit2.o(.ARM.Collect$$libinit$$00000013)
    __rt_lib_init_lc_monetary_1              0x08000209   Thumb Code     0  libinit2.o(.ARM.Collect$$libinit$$00000015)
    __rt_lib_init_lc_numeric_1               0x08000209   Thumb Code     0  libinit2.o(.ARM.Collect$$libinit$$00000017)
    __rt_lib_init_lc_time_1                  0x08000209   Thumb Code     0  libinit2.o(.ARM.Collect$$libinit$$00000019)
    __rt_lib_init_preinit_1                  0x08000209   Thumb Code     0  libinit2.o(.ARM.Collect$$libinit$$00000004)
    __rt_lib_init_rand_1                     0x08000209   Thumb Code     0  libinit2.o(.ARM.Collect$$libinit$$0000000E)
    __rt_lib_init_return                     0x08000209   Thumb Code     0  libinit2.o(.ARM.Collect$$libinit$$00000033)
    __rt_lib_init_signal_1                   0x08000209   Thumb Code     0  libinit2.o(.ARM.Collect$$libinit$$0000001D)
    __rt_lib_init_stdio_1                    0x08000209   Thumb Code     0  libinit2.o(.ARM.Collect$$libinit$$00000025)
    __rt_lib_init_user_alloc_1               0x08000209   Thumb Code     0  libinit2.o(.ARM.Collect$$libinit$$0000000C)
    __rt_lib_shutdown                        0x0800020b   Thumb Code     0  libshutdown.o(.ARM.Collect$$libshutdown$$00000000)
    __rt_lib_shutdown_cpp_1                  0x0800020d   Thumb Code     0  libshutdown2.o(.ARM.Collect$$libshutdown$$00000004)
    __rt_lib_shutdown_fini_1                 0x0800020d   Thumb Code     0  libshutdown2.o(.ARM.Collect$$libshutdown$$00000002)
    __rt_lib_shutdown_fp_trap_1              0x0800020d   Thumb Code     0  libshutdown2.o(.ARM.Collect$$libshutdown$$00000009)
    __rt_lib_shutdown_heap_1                 0x0800020d   Thumb Code     0  libshutdown2.o(.ARM.Collect$$libshutdown$$00000011)
    __rt_lib_shutdown_return                 0x0800020d   Thumb Code     0  libshutdown2.o(.ARM.Collect$$libshutdown$$00000012)
    __rt_lib_shutdown_signal_1               0x0800020d   Thumb Code     0  libshutdown2.o(.ARM.Collect$$libshutdown$$0000000C)
    __rt_lib_shutdown_stdio_1                0x0800020d   Thumb Code     0  libshutdown2.o(.ARM.Collect$$libshutdown$$00000006)
    __rt_lib_shutdown_user_alloc_1           0x0800020d   Thumb Code     0  libshutdown2.o(.ARM.Collect$$libshutdown$$0000000E)
    __rt_entry                               0x0800020f   Thumb Code     0  __rtentry.o(.ARM.Collect$$rtentry$$00000000)
    __rt_entry_presh_1                       0x0800020f   Thumb Code     0  __rtentry2.o(.ARM.Collect$$rtentry$$00000002)
    __rt_entry_sh                            0x0800020f   Thumb Code     0  __rtentry4.o(.ARM.Collect$$rtentry$$00000004)
    __rt_entry_li                            0x08000215   Thumb Code     0  __rtentry2.o(.ARM.Collect$$rtentry$$0000000A)
    __rt_entry_postsh_1                      0x08000215   Thumb Code     0  __rtentry2.o(.ARM.Collect$$rtentry$$00000009)
    __rt_entry_main                          0x08000219   Thumb Code     0  __rtentry2.o(.ARM.Collect$$rtentry$$0000000D)
    __rt_entry_postli_1                      0x08000219   Thumb Code     0  __rtentry2.o(.ARM.Collect$$rtentry$$0000000C)
    __rt_exit                                0x08000221   Thumb Code     0  rtexit.o(.ARM.Collect$$rtexit$$00000000)
    __rt_exit_ls                             0x08000223   Thumb Code     0  rtexit2.o(.ARM.Collect$$rtexit$$00000003)
    __rt_exit_prels_1                        0x08000223   Thumb Code     0  rtexit2.o(.ARM.Collect$$rtexit$$00000002)
    __rt_exit_exit                           0x08000227   Thumb Code     0  rtexit2.o(.ARM.Collect$$rtexit$$00000004)
    Reset_Handler                            0x0800022d   Thumb Code     8  startup_stm32f10x_hd.o(.text)
    ADC1_2_IRQHandler                        0x08000247   Thumb Code     0  startup_stm32f10x_hd.o(.text)
    ADC3_IRQHandler                          0x08000247   Thumb Code     0  startup_stm32f10x_hd.o(.text)
    CAN1_RX1_IRQHandler                      0x08000247   Thumb Code     0  startup_stm32f10x_hd.o(.text)
    CAN1_SCE_IRQHandler                      0x08000247   Thumb Code     0  startup_stm32f10x_hd.o(.text)
    DMA1_Channel1_IRQHandler                 0x08000247   Thumb Code     0  startup_stm32f10x_hd.o(.text)
    DMA1_Channel2_IRQHandler                 0x08000247   Thumb Code     0  startup_stm32f10x_hd.o(.text)
    DMA1_Channel3_IRQHandler                 0x08000247   Thumb Code     0  startup_stm32f10x_hd.o(.text)
    DMA1_Channel4_IRQHandler                 0x08000247   Thumb Code     0  startup_stm32f10x_hd.o(.text)
    DMA1_Channel5_IRQHandler                 0x08000247   Thumb Code     0  startup_stm32f10x_hd.o(.text)
    DMA1_Channel6_IRQHandler                 0x08000247   Thumb Code     0  startup_stm32f10x_hd.o(.text)
    DMA1_Channel7_IRQHandler                 0x08000247   Thumb Code     0  startup_stm32f10x_hd.o(.text)
    DMA2_Channel1_IRQHandler                 0x08000247   Thumb Code     0  startup_stm32f10x_hd.o(.text)
    DMA2_Channel2_IRQHandler                 0x08000247   Thumb Code     0  startup_stm32f10x_hd.o(.text)
    DMA2_Channel3_IRQHandler                 0x08000247   Thumb Code     0  startup_stm32f10x_hd.o(.text)
    DMA2_Channel4_5_IRQHandler               0x08000247   Thumb Code     0  startup_stm32f10x_hd.o(.text)
    EXTI15_10_IRQHandler                     0x08000247   Thumb Code     0  startup_stm32f10x_hd.o(.text)
    EXTI1_IRQHandler                         0x08000247   Thumb Code     0  startup_stm32f10x_hd.o(.text)
    EXTI2_IRQHandler                         0x08000247   Thumb Code     0  startup_stm32f10x_hd.o(.text)
    FLASH_IRQHandler                         0x08000247   Thumb Code     0  startup_stm32f10x_hd.o(.text)
    FSMC_IRQHandler                          0x08000247   Thumb Code     0  startup_stm32f10x_hd.o(.text)
    I2C1_ER_IRQHandler                       0x08000247   Thumb Code     0  startup_stm32f10x_hd.o(.text)
    I2C1_EV_IRQHandler                       0x08000247   Thumb Code     0  startup_stm32f10x_hd.o(.text)
    I2C2_ER_IRQHandler                       0x08000247   Thumb Code     0  startup_stm32f10x_hd.o(.text)
    I2C2_EV_IRQHandler                       0x08000247   Thumb Code     0  startup_stm32f10x_hd.o(.text)
    PVD_IRQHandler                           0x08000247   Thumb Code     0  startup_stm32f10x_hd.o(.text)
    RCC_IRQHandler                           0x08000247   Thumb Code     0  startup_stm32f10x_hd.o(.text)
    RTCAlarm_IRQHandler                      0x08000247   Thumb Code     0  startup_stm32f10x_hd.o(.text)
    RTC_IRQHandler                           0x08000247   Thumb Code     0  startup_stm32f10x_hd.o(.text)
    SPI1_IRQHandler                          0x08000247   Thumb Code     0  startup_stm32f10x_hd.o(.text)
    SPI2_IRQHandler                          0x08000247   Thumb Code     0  startup_stm32f10x_hd.o(.text)
    SPI3_IRQHandler                          0x08000247   Thumb Code     0  startup_stm32f10x_hd.o(.text)
    TAMPER_IRQHandler                        0x08000247   Thumb Code     0  startup_stm32f10x_hd.o(.text)
    TIM1_BRK_IRQHandler                      0x08000247   Thumb Code     0  startup_stm32f10x_hd.o(.text)
    TIM1_CC_IRQHandler                       0x08000247   Thumb Code     0  startup_stm32f10x_hd.o(.text)
    TIM1_TRG_COM_IRQHandler                  0x08000247   Thumb Code     0  startup_stm32f10x_hd.o(.text)
    TIM1_UP_IRQHandler                       0x08000247   Thumb Code     0  startup_stm32f10x_hd.o(.text)
    TIM2_IRQHandler                          0x08000247   Thumb Code     0  startup_stm32f10x_hd.o(.text)
    TIM7_IRQHandler                          0x08000247   Thumb Code     0  startup_stm32f10x_hd.o(.text)
    TIM8_BRK_IRQHandler                      0x08000247   Thumb Code     0  startup_stm32f10x_hd.o(.text)
    TIM8_CC_IRQHandler                       0x08000247   Thumb Code     0  startup_stm32f10x_hd.o(.text)
    TIM8_TRG_COM_IRQHandler                  0x08000247   Thumb Code     0  startup_stm32f10x_hd.o(.text)
    TIM8_UP_IRQHandler                       0x08000247   Thumb Code     0  startup_stm32f10x_hd.o(.text)
    UART4_IRQHandler                         0x08000247   Thumb Code     0  startup_stm32f10x_hd.o(.text)
    UART5_IRQHandler                         0x08000247   Thumb Code     0  startup_stm32f10x_hd.o(.text)
    USART2_IRQHandler                        0x08000247   Thumb Code     0  startup_stm32f10x_hd.o(.text)
    USART3_IRQHandler                        0x08000247   Thumb Code     0  startup_stm32f10x_hd.o(.text)
    USBWakeUp_IRQHandler                     0x08000247   Thumb Code     0  startup_stm32f10x_hd.o(.text)
    USB_HP_CAN1_TX_IRQHandler                0x08000247   Thumb Code     0  startup_stm32f10x_hd.o(.text)
    USB_LP_CAN1_RX0_IRQHandler               0x08000247   Thumb Code     0  startup_stm32f10x_hd.o(.text)
    WWDG_IRQHandler                          0x08000247   Thumb Code     0  startup_stm32f10x_hd.o(.text)
    __user_initial_stackheap                 0x08000249   Thumb Code     0  startup_stm32f10x_hd.o(.text)
    __use_no_semihosting                     0x08000269   Thumb Code     2  use_no_semi_2.o(.text)
    __2printf                                0x0800026d   Thumb Code    20  noretval__2printf.o(.text)
    _printf_pre_padding                      0x08000285   Thumb Code    44  _printf_pad.o(.text)
    _printf_post_padding                     0x080002b1   Thumb Code    34  _printf_pad.o(.text)
    _printf_str                              0x080002d3   Thumb Code    82  _printf_str.o(.text)
    _printf_int_dec                          0x08000325   Thumb Code   104  _printf_dec.o(.text)
    _printf_int_hex                          0x0800039d   Thumb Code    84  _printf_hex_int.o(.text)
    _printf_longlong_hex                     0x0800039d   Thumb Code     0  _printf_hex_int.o(.text)
    __printf                                 0x080003f5   Thumb Code   388  __printf_flags_ss_wp.o(.text)
    __aeabi_memclr4                          0x0800057d   Thumb Code     0  rt_memclr_w.o(.text)
    __aeabi_memclr8                          0x0800057d   Thumb Code     0  rt_memclr_w.o(.text)
    __rt_memclr_w                            0x0800057d   Thumb Code    78  rt_memclr_w.o(.text)
    _memset_w                                0x08000581   Thumb Code     0  rt_memclr_w.o(.text)
    __use_two_region_memory                  0x080005cb   Thumb Code     2  heapauxi.o(.text)
    __rt_heap_escrow$2region                 0x080005cd   Thumb Code     2  heapauxi.o(.text)
    __rt_heap_expand$2region                 0x080005cf   Thumb Code     2  heapauxi.o(.text)
    __I$use$semihosting                      0x080005d1   Thumb Code     0  use_no_semi.o(.text)
    __use_no_semihosting_swi                 0x080005d1   Thumb Code     2  use_no_semi.o(.text)
    _printf_int_common                       0x080005d3   Thumb Code   178  _printf_intcommon.o(.text)
    _printf_cs_common                        0x08000685   Thumb Code    20  _printf_char.o(.text)
    _printf_char                             0x08000699   Thumb Code    16  _printf_char.o(.text)
    _printf_string                           0x080006a9   Thumb Code     8  _printf_char.o(.text)
    _printf_char_file                        0x080006b1   Thumb Code    32  _printf_char_file.o(.text)
    _printf_char_common                      0x080006df   Thumb Code    32  _printf_char_common.o(.text)
    ferror                                   0x08000705   Thumb Code     8  ferror.o(.text)
    __user_setup_stackheap                   0x0800070d   Thumb Code    74  sys_stackheap_outer.o(.text)
    exit                                     0x08000757   Thumb Code    18  exit.o(.text)
    __user_libspace                          0x08000769   Thumb Code     8  libspace.o(.text)
    __user_perproc_libspace                  0x08000769   Thumb Code     0  libspace.o(.text)
    __user_perthread_libspace                0x08000769   Thumb Code     0  libspace.o(.text)
    BusFault_Handler                         0x08000771   Thumb Code     2  stm32f10x_it.o(i.BusFault_Handler)
    CmdResp1Error                            0x08000775   Thumb Code    74  sdio_sdcard.o(i.CmdResp1Error)
    DebugMon_Handler                         0x080007c5   Thumb Code     2  stm32f10x_it.o(i.DebugMon_Handler)
    EXTI0_IRQHandler                         0x080007c9   Thumb Code    48  exti.o(i.EXTI0_IRQHandler)
    EXTI3_IRQHandler                         0x08000801   Thumb Code    46  exti.o(i.EXTI3_IRQHandler)
    EXTI4_IRQHandler                         0x08000839   Thumb Code    46  exti.o(i.EXTI4_IRQHandler)
    EXTI8_Init                               0x08000871   Thumb Code    66  exti.o(i.EXTI8_Init)
    EXTI9_5_IRQHandler                       0x080008b5   Thumb Code    54  exti.o(i.EXTI9_5_IRQHandler)
    EXTI_ClearITPendingBit                   0x080008f9   Thumb Code     6  stm32f10x_exti.o(i.EXTI_ClearITPendingBit)
    EXTI_GetITStatus                         0x08000905   Thumb Code    28  stm32f10x_exti.o(i.EXTI_GetITStatus)
    EXTI_Init                                0x08000925   Thumb Code   108  stm32f10x_exti.o(i.EXTI_Init)
    FLASH_ErasePage                          0x08000995   Thumb Code    56  stm32f10x_flash.o(i.FLASH_ErasePage)
    FLASH_GetBank1Status                     0x080009d1   Thumb Code    34  stm32f10x_flash.o(i.FLASH_GetBank1Status)
    FLASH_Lock                               0x080009f9   Thumb Code    12  stm32f10x_flash.o(i.FLASH_Lock)
    FLASH_ProgramHalfWord                    0x08000a09   Thumb Code    48  stm32f10x_flash.o(i.FLASH_ProgramHalfWord)
    FLASH_Unlock                             0x08000a3d   Thumb Code    12  stm32f10x_flash.o(i.FLASH_Unlock)
    FLASH_WaitForLastOperation               0x08000a55   Thumb Code    34  stm32f10x_flash.o(i.FLASH_WaitForLastOperation)
    FSMC_NORSRAMCmd                          0x08000a79   Thumb Code    26  stm32f10x_fsmc.o(i.FSMC_NORSRAMCmd)
    FSMC_NORSRAMInit                         0x08000a99   Thumb Code   200  stm32f10x_fsmc.o(i.FSMC_NORSRAMInit)
    GPIO_EXTILineConfig                      0x08000b61   Thumb Code    34  stm32f10x_gpio.o(i.GPIO_EXTILineConfig)
    GPIO_Init                                0x08000b89   Thumb Code   156  stm32f10x_gpio.o(i.GPIO_Init)
    GPIO_PinRemapConfig                      0x08000c25   Thumb Code    82  stm32f10x_gpio.o(i.GPIO_PinRemapConfig)
    GPIO_ReadInputDataBit                    0x08000c7d   Thumb Code    14  stm32f10x_gpio.o(i.GPIO_ReadInputDataBit)
    GPIO_ResetBits                           0x08000c8b   Thumb Code     4  stm32f10x_gpio.o(i.GPIO_ResetBits)
    GPIO_SetBits                             0x08000c8f   Thumb Code     4  stm32f10x_gpio.o(i.GPIO_SetBits)
    HardFault_Handler                        0x08000c93   Thumb Code     2  stm32f10x_it.o(i.HardFault_Handler)
    KEY_Init                                 0x08000c95   Thumb Code    52  key.o(i.KEY_Init)
    KEY_Scan                                 0x08000cd1   Thumb Code   154  key.o(i.KEY_Scan)
    LCD_Clear                                0x08000d79   Thumb Code   100  lcd.o(i.LCD_Clear)
    LCD_Display_Dir                          0x08000de5   Thumb Code   304  lcd.o(i.LCD_Display_Dir)
    LCD_Fast_DrawPoint                       0x08000f19   Thumb Code   278  lcd.o(i.LCD_Fast_DrawPoint)
    LCD_Fill                                 0x08001039   Thumb Code   132  lcd.o(i.LCD_Fill)
    LCD_Init                                 0x080010c5   Thumb Code 11816  lcd.o(i.LCD_Init)
    LCD_RD_DATA                              0x08003ef1   Thumb Code    16  lcd.o(i.LCD_RD_DATA)
    LCD_ReadReg                              0x08003f05   Thumb Code    20  lcd.o(i.LCD_ReadReg)
    LCD_SSD_BackLightSet                     0x08003f1d   Thumb Code    50  lcd.o(i.LCD_SSD_BackLightSet)
    LCD_Scan_Dir                             0x08003f59   Thumb Code   414  lcd.o(i.LCD_Scan_Dir)
    LCD_SetCursor                            0x08004101   Thumb Code   320  lcd.o(i.LCD_SetCursor)
    LCD_Set_Window                           0x08004249   Thumb Code   370  lcd.o(i.LCD_Set_Window)
    LCD_ShowChar                             0x080043c5   Thumb Code   182  lcd.o(i.LCD_ShowChar)
    LCD_ShowString                           0x08004491   Thumb Code    84  lcd.o(i.LCD_ShowString)
    LCD_WriteRAM_Prepare                     0x080044e5   Thumb Code    10  lcd.o(i.LCD_WriteRAM_Prepare)
    LCD_WriteReg                             0x080044f9   Thumb Code    10  lcd.o(i.LCD_WriteReg)
    LED_Init                                 0x08004509   Thumb Code    70  led.o(i.LED_Init)
    MemManage_Handler                        0x08004559   Thumb Code     2  stm32f10x_it.o(i.MemManage_Handler)
    NMI_Handler                              0x0800455b   Thumb Code     2  stm32f10x_it.o(i.NMI_Handler)
    NVIC_Init                                0x0800455d   Thumb Code    94  misc.o(i.NVIC_Init)
    NVIC_PriorityGroupConfig                 0x080045c1   Thumb Code    10  misc.o(i.NVIC_PriorityGroupConfig)
    OV7670_Brightness                        0x080045d5   Thumb Code    38  ov7670.o(i.OV7670_Brightness)
    OV7670_Color_Saturation                  0x080045fb   Thumb Code   114  ov7670.o(i.OV7670_Color_Saturation)
    OV7670_Contrast                          0x0800466d   Thumb Code    38  ov7670.o(i.OV7670_Contrast)
    OV7670_Init                              0x08004695   Thumb Code   242  ov7670.o(i.OV7670_Init)
    OV7670_Light_Mode                        0x080047a5   Thumb Code   126  ov7670.o(i.OV7670_Light_Mode)
    OV7670_Special_Effects                   0x08004823   Thumb Code   128  ov7670.o(i.OV7670_Special_Effects)
    OV7670_Window_Set                        0x080048a3   Thumb Code   110  ov7670.o(i.OV7670_Window_Set)
    OV7725_Brightness                        0x08004911   Thumb Code    78  ov7725.o(i.OV7725_Brightness)
    OV7725_Color_Saturation                  0x0800495f   Thumb Code    34  ov7725.o(i.OV7725_Color_Saturation)
    OV7725_Contrast                          0x08004981   Thumb Code    22  ov7725.o(i.OV7725_Contrast)
    OV7725_Init                              0x08004999   Thumb Code   296  ov7725.o(i.OV7725_Init)
    OV7725_Light_Mode                        0x08004af5   Thumb Code   152  ov7725.o(i.OV7725_Light_Mode)
    OV7725_Special_Effects                   0x08004b8d   Thumb Code   138  ov7725.o(i.OV7725_Special_Effects)
    OV7725_Window_Set                        0x08004c17   Thumb Code   326  ov7725.o(i.OV7725_Window_Set)
    OV7725_camera_refresh                    0x08004d5d   Thumb Code   392  main.o(i.OV7725_camera_refresh)
    PendSV_Handler                           0x08004f0d   Thumb Code     2  stm32f10x_it.o(i.PendSV_Handler)
    RCC_AHBPeriphClockCmd                    0x08004f11   Thumb Code    18  stm32f10x_rcc.o(i.RCC_AHBPeriphClockCmd)
    RCC_APB1PeriphClockCmd                   0x08004f29   Thumb Code    18  stm32f10x_rcc.o(i.RCC_APB1PeriphClockCmd)
    RCC_APB2PeriphClockCmd                   0x08004f41   Thumb Code    18  stm32f10x_rcc.o(i.RCC_APB2PeriphClockCmd)
    RCC_GetClocksFreq                        0x08004f59   Thumb Code   132  stm32f10x_rcc.o(i.RCC_GetClocksFreq)
    SCCB_Init                                0x08004fed   Thumb Code    98  sccb.o(i.SCCB_Init)
    SCCB_No_Ack                              0x08005059   Thumb Code    58  sccb.o(i.SCCB_No_Ack)
    SCCB_RD_Byte                             0x0800509d   Thumb Code   102  sccb.o(i.SCCB_RD_Byte)
    SCCB_RD_Reg                              0x08005111   Thumb Code    76  sccb.o(i.SCCB_RD_Reg)
    SCCB_Start                               0x0800515d   Thumb Code    44  sccb.o(i.SCCB_Start)
    SCCB_Stop                                0x08005191   Thumb Code    46  sccb.o(i.SCCB_Stop)
    SCCB_WR_Byte                             0x080051c9   Thumb Code   130  sccb.o(i.SCCB_WR_Byte)
    SCCB_WR_Reg                              0x08005259   Thumb Code    62  sccb.o(i.SCCB_WR_Reg)
    SDIO_ClearFlag                           0x08005299   Thumb Code     6  stm32f10x_sdio.o(i.SDIO_ClearFlag)
    SDIO_GetFlagStatus                       0x080052a5   Thumb Code    16  stm32f10x_sdio.o(i.SDIO_GetFlagStatus)
    SDIO_IRQHandler                          0x080052b9   Thumb Code     4  sdio_sdcard.o(i.SDIO_IRQHandler)
    SDIO_SendCommand                         0x080052bd   Thumb Code    34  stm32f10x_sdio.o(i.SDIO_SendCommand)
    SD_ProcessIRQSrc                         0x080052e5   Thumb Code   220  sdio_sdcard.o(i.SD_ProcessIRQSrc)
    SPI2_Init                                0x080053cd   Thumb Code   138  spi.o(i.SPI2_Init)
    SPI2_ReadWriteByte                       0x08005461   Thumb Code    76  spi.o(i.SPI2_ReadWriteByte)
    SPI2_SetSpeed                            0x080054b1   Thumb Code    24  spi.o(i.SPI2_SetSpeed)
    SPI_Cmd                                  0x080054cd   Thumb Code    20  stm32f10x_spi.o(i.SPI_Cmd)
    SPI_I2S_GetFlagStatus                    0x080054e1   Thumb Code    14  stm32f10x_spi.o(i.SPI_I2S_GetFlagStatus)
    SPI_I2S_ReceiveData                      0x080054ef   Thumb Code     4  stm32f10x_spi.o(i.SPI_I2S_ReceiveData)
    SPI_I2S_SendData                         0x080054f3   Thumb Code     4  stm32f10x_spi.o(i.SPI_I2S_SendData)
    SPI_Init                                 0x080054f7   Thumb Code    56  stm32f10x_spi.o(i.SPI_Init)
    STMFLASH_Read                            0x0800552f   Thumb Code    24  stmflash.o(i.STMFLASH_Read)
    STMFLASH_Write                           0x08005549   Thumb Code   186  stmflash.o(i.STMFLASH_Write)
    STMFLASH_Write_NoCheck                   0x08005609   Thumb Code    38  stmflash.o(i.STMFLASH_Write_NoCheck)
    SVC_Handler                              0x0800562f   Thumb Code     2  stm32f10x_it.o(i.SVC_Handler)
    SysTick_CLKSourceConfig                  0x080056d9   Thumb Code    24  misc.o(i.SysTick_CLKSourceConfig)
    SysTick_Handler                          0x080056f1   Thumb Code     2  stm32f10x_it.o(i.SysTick_Handler)
    SystemInit                               0x080056f5   Thumb Code    64  system_stm32f10x.o(i.SystemInit)
    TIM3_IRQHandler                          0x0800582d   Thumb Code    44  timer.o(i.TIM3_IRQHandler)
    TIM4_IRQHandler                          0x08005861   Thumb Code    50  usmart.o(i.TIM4_IRQHandler)
    TIM5_CH2_Cap_Init                        0x0800589d   Thumb Code   120  tpad.o(i.TIM5_CH2_Cap_Init)
    TIM5_IRQHandler                          0x0800591d   Thumb Code   128  timer.o(i.TIM5_IRQHandler)
    TIM6_IRQHandler                          0x080059a5   Thumb Code    40  timer.o(i.TIM6_IRQHandler)
    TIM6_Int_Init                            0x080059e5   Thumb Code    90  timer.o(i.TIM6_Int_Init)
    TIM_ClearFlag                            0x08005a45   Thumb Code     6  stm32f10x_tim.o(i.TIM_ClearFlag)
    TIM_ClearITPendingBit                    0x08005a4b   Thumb Code     6  stm32f10x_tim.o(i.TIM_ClearITPendingBit)
    TIM_Cmd                                  0x08005a51   Thumb Code    20  stm32f10x_tim.o(i.TIM_Cmd)
    TIM_GetCapture1                          0x08005a65   Thumb Code     4  stm32f10x_tim.o(i.TIM_GetCapture1)
    TIM_GetCapture2                          0x08005a69   Thumb Code     4  stm32f10x_tim.o(i.TIM_GetCapture2)
    TIM_GetCounter                           0x08005a6d   Thumb Code     4  stm32f10x_tim.o(i.TIM_GetCounter)
    TIM_GetFlagStatus                        0x08005a71   Thumb Code    14  stm32f10x_tim.o(i.TIM_GetFlagStatus)
    TIM_GetITStatus                          0x08005a7f   Thumb Code    24  stm32f10x_tim.o(i.TIM_GetITStatus)
    TIM_ICInit                               0x08005a99   Thumb Code   278  stm32f10x_tim.o(i.TIM_ICInit)
    TIM_ITConfig                             0x08005bc5   Thumb Code    16  stm32f10x_tim.o(i.TIM_ITConfig)
    TIM_OC1PolarityConfig                    0x08005bd5   Thumb Code    12  stm32f10x_tim.o(i.TIM_OC1PolarityConfig)
    TIM_SetAutoreload                        0x08005be1   Thumb Code     4  stm32f10x_tim.o(i.TIM_SetAutoreload)
    TIM_SetCounter                           0x08005be5   Thumb Code     4  stm32f10x_tim.o(i.TIM_SetCounter)
    TIM_SetIC1Prescaler                      0x08005be9   Thumb Code    16  stm32f10x_tim.o(i.TIM_SetIC1Prescaler)
    TIM_SetIC2Prescaler                      0x08005bf9   Thumb Code    24  stm32f10x_tim.o(i.TIM_SetIC2Prescaler)
    TIM_SetIC3Prescaler                      0x08005c11   Thumb Code    16  stm32f10x_tim.o(i.TIM_SetIC3Prescaler)
    TIM_SetIC4Prescaler                      0x08005c21   Thumb Code    24  stm32f10x_tim.o(i.TIM_SetIC4Prescaler)
    TIM_TimeBaseInit                         0x08005c39   Thumb Code   114  stm32f10x_tim.o(i.TIM_TimeBaseInit)
    TPAD_Get_MaxVal                          0x08005cd5   Thumb Code    28  tpad.o(i.TPAD_Get_MaxVal)
    TPAD_Get_Val                             0x08005cf1   Thumb Code    54  tpad.o(i.TPAD_Get_Val)
    TPAD_Init                                0x08005d2d   Thumb Code   140  tpad.o(i.TPAD_Init)
    TPAD_Reset                               0x08005dd5   Thumb Code    86  tpad.o(i.TPAD_Reset)
    TPAD_Scan                                0x08005e35   Thumb Code    58  tpad.o(i.TPAD_Scan)
    Timer4_Init                              0x08005e75   Thumb Code    90  usmart.o(i.Timer4_Init)
    USART1_IRQHandler                        0x08005ed5   Thumb Code    88  usart.o(i.USART1_IRQHandler)
    USART_Cmd                                0x08005f39   Thumb Code    20  stm32f10x_usart.o(i.USART_Cmd)
    USART_GetITStatus                        0x08005f4d   Thumb Code    62  stm32f10x_usart.o(i.USART_GetITStatus)
    USART_ITConfig                           0x08005f8b   Thumb Code    48  stm32f10x_usart.o(i.USART_ITConfig)
    USART_Init                               0x08005fbd   Thumb Code   166  stm32f10x_usart.o(i.USART_Init)
    USART_ReceiveData                        0x08006069   Thumb Code     8  stm32f10x_usart.o(i.USART_ReceiveData)
    UsageFault_Handler                       0x08006071   Thumb Code     2  stm32f10x_it.o(i.UsageFault_Handler)
    W25QXX_Erase_Sector                      0x08006075   Thumb Code    74  w25qxx.o(i.W25QXX_Erase_Sector)
    W25QXX_Init                              0x080060cd   Thumb Code    76  w25qxx.o(i.W25QXX_Init)
    W25QXX_Read                              0x08006125   Thumb Code    76  w25qxx.o(i.W25QXX_Read)
    W25QXX_ReadID                            0x08006175   Thumb Code    62  w25qxx.o(i.W25QXX_ReadID)
    W25QXX_ReadSR                            0x080061b9   Thumb Code    32  w25qxx.o(i.W25QXX_ReadSR)
    W25QXX_Wait_Busy                         0x080061dd   Thumb Code    12  w25qxx.o(i.W25QXX_Wait_Busy)
    W25QXX_Write                             0x080061e9   Thumb Code   150  w25qxx.o(i.W25QXX_Write)
    W25QXX_Write_Enable                      0x08006285   Thumb Code    26  w25qxx.o(i.W25QXX_Write_Enable)
    W25QXX_Write_NoCheck                     0x080062a5   Thumb Code    62  w25qxx.o(i.W25QXX_Write_NoCheck)
    W25QXX_Write_Page                        0x080062e5   Thumb Code    82  w25qxx.o(i.W25QXX_Write_Page)
    _is_digit                                0x0800633d   Thumb Code    14  __printf_wp.o(i._is_digit)
    _sys_exit                                0x0800634b   Thumb Code     2  usart.o(i._sys_exit)
    bk_refresh                               0x0800634d   Thumb Code   354  main.o(i.bk_refresh)
    cf                                       0x080064cd   Thumb Code   148  main.o(i.cf)
    delay_init                               0x08006565   Thumb Code    46  delay.o(i.delay_init)
    delay_ms                                 0x080065a1   Thumb Code    46  delay.o(i.delay_ms)
    delay_us                                 0x080065d5   Thumb Code    46  delay.o(i.delay_us)
    ele_mag_Init                             0x08006609   Thumb Code   114  main.o(i.ele_mag_Init)
    fputc                                    0x08006685   Thumb Code    18  usart.o(i.fputc)
    main                                     0x0800669d   Thumb Code  1398  main.o(i.main)
    read_addr                                0x08006c13   Thumb Code     4  usmart.o(i.read_addr)
    recg_person                              0x08006c19   Thumb Code   686  main.o(i.recg_person)
    remo_noise                               0x08006ee5   Thumb Code   796  main.o(i.remo_noise)
    six2one                                  0x08007211   Thumb Code    30  main.o(i.six2one)
    uart_init                                0x08007231   Thumb Code   152  usart.o(i.uart_init)
    update_bk                                0x080072d1   Thumb Code   236  main.o(i.update_bk)
    usmart_cmd_rec                           0x080073c5   Thumb Code   144  usmart.o(i.usmart_cmd_rec)
    usmart_exe                               0x08007459   Thumb Code   510  usmart.o(i.usmart_exe)
    usmart_get_aparm                         0x080076b9   Thumb Code   156  usmart_str.o(i.usmart_get_aparm)
    usmart_get_cmdname                       0x08007755   Thumb Code    46  usmart_str.o(i.usmart_get_cmdname)
    usmart_get_fname                         0x08007785   Thumb Code   352  usmart_str.o(i.usmart_get_fname)
    usmart_get_fparam                        0x080078ed   Thumb Code   202  usmart_str.o(i.usmart_get_fparam)
    usmart_get_parmpos                       0x080079bd   Thumb Code    30  usmart_str.o(i.usmart_get_parmpos)
    usmart_get_runtime                       0x080079e1   Thumb Code    48  usmart.o(i.usmart_get_runtime)
    usmart_init                              0x08007a19   Thumb Code    36  usmart.o(i.usmart_init)
    usmart_pow                               0x08007a41   Thumb Code    16  usmart_str.o(i.usmart_pow)
    usmart_reset_runtime                     0x08007a51   Thumb Code    40  usmart.o(i.usmart_reset_runtime)
    usmart_scan                              0x08007a81   Thumb Code    94  usmart.o(i.usmart_scan)
    usmart_search_nextc                      0x08007b25   Thumb Code    16  usmart_str.o(i.usmart_search_nextc)
    usmart_str2num                           0x08007b35   Thumb Code   160  usmart_str.o(i.usmart_str2num)
    usmart_strcmp                            0x08007bd5   Thumb Code    24  usmart_str.o(i.usmart_strcmp)
    usmart_strcopy                           0x08007bed   Thumb Code    18  usmart_str.o(i.usmart_strcopy)
    usmart_strlen                            0x08007bff   Thumb Code    18  usmart_str.o(i.usmart_strlen)
    usmart_sys_cmd_exe                       0x08007c11   Thumb Code  1442  usmart.o(i.usmart_sys_cmd_exe)
    write_addr                               0x08008281   Thumb Code     4  usmart.o(i.write_addr)
    __aeabi_d2uiz                            0x08008285   Thumb Code     0  dfixu.o(x$fpl$dfixu)
    _dfixu                                   0x08008285   Thumb Code    90  dfixu.o(x$fpl$dfixu)
    __aeabi_ui2d                             0x080082df   Thumb Code     0  dflt_clz.o(x$fpl$dfltu)
    _dfltu                                   0x080082df   Thumb Code    38  dflt_clz.o(x$fpl$dfltu)
    __aeabi_dmul                             0x08008305   Thumb Code     0  dmul.o(x$fpl$dmul)
    _dmul                                    0x08008305   Thumb Code   332  dmul.o(x$fpl$dmul)
    __fpl_dnaninf                            0x08008459   Thumb Code   156  dnaninf.o(x$fpl$dnaninf)
    __fpl_dretinf                            0x080084f5   Thumb Code    12  dretinf.o(x$fpl$dretinf)
    __I$use$fp                               0x08008500   Number         0  usenofp.o(x$fpl$usenofp)
    asc2_1206                                0x08008500   Data        1140  lcd.o(.constdata)
    asc2_1608                                0x08008974   Data        1520  lcd.o(.constdata)
    asc2_2412                                0x08008f64   Data        3420  lcd.o(.constdata)
    ov7725_init_reg_tb1                      0x08009cc0   Data         130  ov7725.o(.constdata)
    ov7670_init_reg_tbl                      0x08009d42   Data         336  ov7670.o(.constdata)
    Region$$Table$$Base                      0x08009f98   Number         0  anon$$obj.o(Region$$Table)
    Region$$Table$$Limit                     0x08009fb8   Number         0  anon$$obj.o(Region$$Table)
    flag1_w                                  0x20000000   Data           1  main.o(.data)
    flag2_w                                  0x20000001   Data           1  main.o(.data)
    flag3_w                                  0x20000002   Data           1  main.o(.data)
    flag4_w                                  0x20000003   Data           1  main.o(.data)
    flag5_w                                  0x20000004   Data           1  main.o(.data)
    flag6_w                                  0x20000005   Data           1  main.o(.data)
    b_flag                                   0x20000008   Data           4  main.o(.data)
    SystemCoreClock                          0x2000000c   Data           4  system_stm32f10x.o(.data)
    AHBPrescTable                            0x20000010   Data          16  system_stm32f10x.o(.data)
    POINT_COLOR                              0x20000022   Data           2  lcd.o(.data)
    BACK_COLOR                               0x20000024   Data           2  lcd.o(.data)
    tpad_default_val                         0x20000028   Data           2  tpad.o(.data)
    ov_sta                                   0x2000002a   Data           1  exti.o(.data)
    TIM5CH1_CAPTURE_STA                      0x2000002c   Data           1  timer.o(.data)
    ov_frame                                 0x2000002d   Data           1  timer.o(.data)
    TIM5CH1_CAPTURE_VAL                      0x2000002e   Data           2  timer.o(.data)
    TransferError                            0x20000033   Data           1  sdio_sdcard.o(.data)
    TransferEnd                              0x20000034   Data           1  sdio_sdcard.o(.data)
    tempbuff                                 0x2000003c   Data           4  sdio_sdcard.o(.data)
    W25QXX_TYPE                              0x20000040   Data           2  w25qxx.o(.data)
    USART_RX_STA                             0x20000046   Data           2  usart.o(.data)
    __stdout                                 0x20000048   Data           4  usart.o(.data)
    sys_cmd_tab                              0x20000060   Data          28  usmart.o(.data)
    usmart_nametab                           0x2000007c   Data          48  usmart_config.o(.data)
    usmart_dev                               0x200000ac   Data         244  usmart_config.o(.data)
    lcddev                                   0x200001a0   Data          14  lcd.o(.bss)
    SDIO_InitStructure                       0x200001b0   Data          24  sdio_sdcard.o(.bss)
    SDIO_CmdInitStructure                    0x200001c8   Data          20  sdio_sdcard.o(.bss)
    SDIO_DataInitStructure                   0x200001dc   Data          24  sdio_sdcard.o(.bss)
    SDCardInfo                               0x20000218   Data          88  sdio_sdcard.o(.bss)
    SDIO_DATA_BUFFER                         0x20000270   Data         512  sdio_sdcard.o(.bss)
    STMFLASH_BUF                             0x20000470   Data        2048  stmflash.o(.bss)
    W25QXX_BUFFER                            0x20000c70   Data        4096  w25qxx.o(.bss)
    USART_RX_BUF                             0x20001c70   Data         200  usart.o(.bss)
    __libspace_start                         0x20001d38   Data          96  libspace.o(.bss)
    __temporary_stack_top$libspace           0x20001d98   Data           0  libspace.o(.bss)
    mem2base                                 0x68000000   Data          32  malloc.o(.ARM.__AT_0x68000000)
    mem2mapbase                              0x68000020   Data           2  malloc.o(.ARM.__AT_0x68000020)



==============================================================================

Memory Map of the image

  Image Entry point : 0x08000131

  Load Region LR_IROM1 (Base: 0x08000000, Size: 0x0000a158, Max: 0x00080000, ABSOLUTE, COMPRESSED[0x0000a030])

    Execution Region ER_IROM1 (Exec base: 0x08000000, Load base: 0x08000000, Size: 0x00009fb8, Max: 0x00080000, ABSOLUTE)

    Exec Addr    Load Addr    Size         Type   Attr      Idx    E Section Name        Object

    0x08000000   0x08000000   0x00000130   Data   RO         1516    RESET               startup_stm32f10x_hd.o
    0x08000130   0x08000130   0x00000008   Code   RO         4699  * !!!main             c_w.l(__main.o)
    0x08000138   0x08000138   0x00000034   Code   RO         4916    !!!scatter          c_w.l(__scatter.o)
    0x0800016c   0x0800016c   0x0000005a   Code   RO         4914    !!dczerorl2         c_w.l(__dczerorl2.o)
    0x080001c6   0x080001c6   0x00000002   PAD
    0x080001c8   0x080001c8   0x0000001c   Code   RO         4918    !!handler_zi        c_w.l(__scatter_zi.o)
    0x080001e4   0x080001e4   0x00000000   Code   RO         4692    .ARM.Collect$$_printf_percent$$00000000  c_w.l(_printf_percent.o)
    0x080001e4   0x080001e4   0x00000006   Code   RO         4690    .ARM.Collect$$_printf_percent$$00000009  c_w.l(_printf_d.o)
    0x080001ea   0x080001ea   0x00000006   Code   RO         4691    .ARM.Collect$$_printf_percent$$0000000A  c_w.l(_printf_u.o)
    0x080001f0   0x080001f0   0x00000006   Code   RO         4689    .ARM.Collect$$_printf_percent$$0000000C  c_w.l(_printf_x.o)
    0x080001f6   0x080001f6   0x00000006   Code   RO         4687    .ARM.Collect$$_printf_percent$$00000013  c_w.l(_printf_c.o)
    0x080001fc   0x080001fc   0x00000006   Code   RO         4688    .ARM.Collect$$_printf_percent$$00000014  c_w.l(_printf_s.o)
    0x08000202   0x08000202   0x00000004   Code   RO         4744    .ARM.Collect$$_printf_percent$$00000017  c_w.l(_printf_percent_end.o)
    0x08000206   0x08000206   0x00000002   Code   RO         4786    .ARM.Collect$$libinit$$00000000  c_w.l(libinit.o)
    0x08000208   0x08000208   0x00000000   Code   RO         4793    .ARM.Collect$$libinit$$00000002  c_w.l(libinit2.o)
    0x08000208   0x08000208   0x00000000   Code   RO         4795    .ARM.Collect$$libinit$$00000004  c_w.l(libinit2.o)
    0x08000208   0x08000208   0x00000000   Code   RO         4798    .ARM.Collect$$libinit$$0000000A  c_w.l(libinit2.o)
    0x08000208   0x08000208   0x00000000   Code   RO         4800    .ARM.Collect$$libinit$$0000000C  c_w.l(libinit2.o)
    0x08000208   0x08000208   0x00000000   Code   RO         4802    .ARM.Collect$$libinit$$0000000E  c_w.l(libinit2.o)
    0x08000208   0x08000208   0x00000000   Code   RO         4805    .ARM.Collect$$libinit$$00000011  c_w.l(libinit2.o)
    0x08000208   0x08000208   0x00000000   Code   RO         4807    .ARM.Collect$$libinit$$00000013  c_w.l(libinit2.o)
    0x08000208   0x08000208   0x00000000   Code   RO         4809    .ARM.Collect$$libinit$$00000015  c_w.l(libinit2.o)
    0x08000208   0x08000208   0x00000000   Code   RO         4811    .ARM.Collect$$libinit$$00000017  c_w.l(libinit2.o)
    0x08000208   0x08000208   0x00000000   Code   RO         4813    .ARM.Collect$$libinit$$00000019  c_w.l(libinit2.o)
    0x08000208   0x08000208   0x00000000   Code   RO         4815    .ARM.Collect$$libinit$$0000001B  c_w.l(libinit2.o)
    0x08000208   0x08000208   0x00000000   Code   RO         4817    .ARM.Collect$$libinit$$0000001D  c_w.l(libinit2.o)
    0x08000208   0x08000208   0x00000000   Code   RO         4819    .ARM.Collect$$libinit$$0000001F  c_w.l(libinit2.o)
    0x08000208   0x08000208   0x00000000   Code   RO         4821    .ARM.Collect$$libinit$$00000021  c_w.l(libinit2.o)
    0x08000208   0x08000208   0x00000000   Code   RO         4823    .ARM.Collect$$libinit$$00000023  c_w.l(libinit2.o)
    0x08000208   0x08000208   0x00000000   Code   RO         4825    .ARM.Collect$$libinit$$00000025  c_w.l(libinit2.o)
    0x08000208   0x08000208   0x00000000   Code   RO         4829    .ARM.Collect$$libinit$$0000002C  c_w.l(libinit2.o)
    0x08000208   0x08000208   0x00000000   Code   RO         4831    .ARM.Collect$$libinit$$0000002E  c_w.l(libinit2.o)
    0x08000208   0x08000208   0x00000000   Code   RO         4833    .ARM.Collect$$libinit$$00000030  c_w.l(libinit2.o)
    0x08000208   0x08000208   0x00000000   Code   RO         4835    .ARM.Collect$$libinit$$00000032  c_w.l(libinit2.o)
    0x08000208   0x08000208   0x00000002   Code   RO         4836    .ARM.Collect$$libinit$$00000033  c_w.l(libinit2.o)
    0x0800020a   0x0800020a   0x00000002   Code   RO         4854    .ARM.Collect$$libshutdown$$00000000  c_w.l(libshutdown.o)
    0x0800020c   0x0800020c   0x00000000   Code   RO         4864    .ARM.Collect$$libshutdown$$00000002  c_w.l(libshutdown2.o)
    0x0800020c   0x0800020c   0x00000000   Code   RO         4866    .ARM.Collect$$libshutdown$$00000004  c_w.l(libshutdown2.o)
    0x0800020c   0x0800020c   0x00000000   Code   RO         4868    .ARM.Collect$$libshutdown$$00000006  c_w.l(libshutdown2.o)
    0x0800020c   0x0800020c   0x00000000   Code   RO         4871    .ARM.Collect$$libshutdown$$00000009  c_w.l(libshutdown2.o)
    0x0800020c   0x0800020c   0x00000000   Code   RO         4874    .ARM.Collect$$libshutdown$$0000000C  c_w.l(libshutdown2.o)
    0x0800020c   0x0800020c   0x00000000   Code   RO         4876    .ARM.Collect$$libshutdown$$0000000E  c_w.l(libshutdown2.o)
    0x0800020c   0x0800020c   0x00000000   Code   RO         4879    .ARM.Collect$$libshutdown$$00000011  c_w.l(libshutdown2.o)
    0x0800020c   0x0800020c   0x00000002   Code   RO         4880    .ARM.Collect$$libshutdown$$00000012  c_w.l(libshutdown2.o)
    0x0800020e   0x0800020e   0x00000000   Code   RO         4737    .ARM.Collect$$rtentry$$00000000  c_w.l(__rtentry.o)
    0x0800020e   0x0800020e   0x00000000   Code   RO         4755    .ARM.Collect$$rtentry$$00000002  c_w.l(__rtentry2.o)
    0x0800020e   0x0800020e   0x00000006   Code   RO         4767    .ARM.Collect$$rtentry$$00000004  c_w.l(__rtentry4.o)
    0x08000214   0x08000214   0x00000000   Code   RO         4757    .ARM.Collect$$rtentry$$00000009  c_w.l(__rtentry2.o)
    0x08000214   0x08000214   0x00000004   Code   RO         4758    .ARM.Collect$$rtentry$$0000000A  c_w.l(__rtentry2.o)
    0x08000218   0x08000218   0x00000000   Code   RO         4760    .ARM.Collect$$rtentry$$0000000C  c_w.l(__rtentry2.o)
    0x08000218   0x08000218   0x00000008   Code   RO         4761    .ARM.Collect$$rtentry$$0000000D  c_w.l(__rtentry2.o)
    0x08000220   0x08000220   0x00000002   Code   RO         4790    .ARM.Collect$$rtexit$$00000000  c_w.l(rtexit.o)
    0x08000222   0x08000222   0x00000000   Code   RO         4838    .ARM.Collect$$rtexit$$00000002  c_w.l(rtexit2.o)
    0x08000222   0x08000222   0x00000004   Code   RO         4839    .ARM.Collect$$rtexit$$00000003  c_w.l(rtexit2.o)
    0x08000226   0x08000226   0x00000006   Code   RO         4840    .ARM.Collect$$rtexit$$00000004  c_w.l(rtexit2.o)
    0x0800022c   0x0800022c   0x0000003c   Code   RO         1517    .text               startup_stm32f10x_hd.o
    0x08000268   0x08000268   0x00000002   Code   RO         4632    .text               c_w.l(use_no_semi_2.o)
    0x0800026a   0x0800026a   0x00000002   PAD
    0x0800026c   0x0800026c   0x00000018   Code   RO         4636    .text               c_w.l(noretval__2printf.o)
    0x08000284   0x08000284   0x0000004e   Code   RO         4640    .text               c_w.l(_printf_pad.o)
    0x080002d2   0x080002d2   0x00000052   Code   RO         4642    .text               c_w.l(_printf_str.o)
    0x08000324   0x08000324   0x00000078   Code   RO         4644    .text               c_w.l(_printf_dec.o)
    0x0800039c   0x0800039c   0x00000058   Code   RO         4649    .text               c_w.l(_printf_hex_int.o)
    0x080003f4   0x080003f4   0x00000188   Code   RO         4684    .text               c_w.l(__printf_flags_ss_wp.o)
    0x0800057c   0x0800057c   0x0000004e   Code   RO         4695    .text               c_w.l(rt_memclr_w.o)
    0x080005ca   0x080005ca   0x00000006   Code   RO         4697    .text               c_w.l(heapauxi.o)
    0x080005d0   0x080005d0   0x00000002   Code   RO         4735    .text               c_w.l(use_no_semi.o)
    0x080005d2   0x080005d2   0x000000b2   Code   RO         4738    .text               c_w.l(_printf_intcommon.o)
    0x08000684   0x08000684   0x0000002c   Code   RO         4740    .text               c_w.l(_printf_char.o)
    0x080006b0   0x080006b0   0x00000024   Code   RO         4742    .text               c_w.l(_printf_char_file.o)
    0x080006d4   0x080006d4   0x00000030   Code   RO         4769    .text               c_w.l(_printf_char_common.o)
    0x08000704   0x08000704   0x00000008   Code   RO         4771    .text               c_w.l(ferror.o)
    0x0800070c   0x0800070c   0x0000004a   Code   RO         4775    .text               c_w.l(sys_stackheap_outer.o)
    0x08000756   0x08000756   0x00000012   Code   RO         4779    .text               c_w.l(exit.o)
    0x08000768   0x08000768   0x00000008   Code   RO         4787    .text               c_w.l(libspace.o)
    0x08000770   0x08000770   0x00000002   Code   RO          235    i.BusFault_Handler  stm32f10x_it.o
    0x08000772   0x08000772   0x00000002   PAD
    0x08000774   0x08000774   0x00000050   Code   RO         1048    i.CmdResp1Error     sdio_sdcard.o
    0x080007c4   0x080007c4   0x00000002   Code   RO          236    i.DebugMon_Handler  stm32f10x_it.o
    0x080007c6   0x080007c6   0x00000002   PAD
    0x080007c8   0x080007c8   0x00000038   Code   RO          630    i.EXTI0_IRQHandler  exti.o
    0x08000800   0x08000800   0x00000038   Code   RO          631    i.EXTI3_IRQHandler  exti.o
    0x08000838   0x08000838   0x00000038   Code   RO          632    i.EXTI4_IRQHandler  exti.o
    0x08000870   0x08000870   0x00000042   Code   RO          633    i.EXTI8_Init        exti.o
    0x080008b2   0x080008b2   0x00000002   PAD
    0x080008b4   0x080008b4   0x00000044   Code   RO          634    i.EXTI9_5_IRQHandler  exti.o
    0x080008f8   0x080008f8   0x0000000c   Code   RO         2172    i.EXTI_ClearITPendingBit  stm32f10x_exti.o
    0x08000904   0x08000904   0x00000020   Code   RO         2176    i.EXTI_GetITStatus  stm32f10x_exti.o
    0x08000924   0x08000924   0x00000070   Code   RO         2177    i.EXTI_Init         stm32f10x_exti.o
    0x08000994   0x08000994   0x0000003c   Code   RO         3524    i.FLASH_ErasePage   stm32f10x_flash.o
    0x080009d0   0x080009d0   0x00000028   Code   RO         3525    i.FLASH_GetBank1Status  stm32f10x_flash.o
    0x080009f8   0x080009f8   0x00000010   Code   RO         3534    i.FLASH_Lock        stm32f10x_flash.o
    0x08000a08   0x08000a08   0x00000034   Code   RO         3537    i.FLASH_ProgramHalfWord  stm32f10x_flash.o
    0x08000a3c   0x08000a3c   0x00000018   Code   RO         3542    i.FLASH_Unlock      stm32f10x_flash.o
    0x08000a54   0x08000a54   0x00000022   Code   RO         3546    i.FLASH_WaitForLastOperation  stm32f10x_flash.o
    0x08000a76   0x08000a76   0x00000002   PAD
    0x08000a78   0x08000a78   0x00000020   Code   RO         1568    i.FSMC_NORSRAMCmd   stm32f10x_fsmc.o
    0x08000a98   0x08000a98   0x000000c8   Code   RO         1570    i.FSMC_NORSRAMInit  stm32f10x_fsmc.o
    0x08000b60   0x08000b60   0x00000028   Code   RO         1680    i.GPIO_EXTILineConfig  stm32f10x_gpio.o
    0x08000b88   0x08000b88   0x0000009c   Code   RO         1683    i.GPIO_Init         stm32f10x_gpio.o
    0x08000c24   0x08000c24   0x00000058   Code   RO         1685    i.GPIO_PinRemapConfig  stm32f10x_gpio.o
    0x08000c7c   0x08000c7c   0x0000000e   Code   RO         1687    i.GPIO_ReadInputDataBit  stm32f10x_gpio.o
    0x08000c8a   0x08000c8a   0x00000004   Code   RO         1690    i.GPIO_ResetBits    stm32f10x_gpio.o
    0x08000c8e   0x08000c8e   0x00000004   Code   RO         1691    i.GPIO_SetBits      stm32f10x_gpio.o
    0x08000c92   0x08000c92   0x00000002   Code   RO          237    i.HardFault_Handler  stm32f10x_it.o
    0x08000c94   0x08000c94   0x0000003c   Code   RO          365    i.KEY_Init          key.o
    0x08000cd0   0x08000cd0   0x000000a8   Code   RO          366    i.KEY_Scan          key.o
    0x08000d78   0x08000d78   0x0000006c   Code   RO          385    i.LCD_Clear         lcd.o
    0x08000de4   0x08000de4   0x00000134   Code   RO          389    i.LCD_Display_Dir   lcd.o
    0x08000f18   0x08000f18   0x00000120   Code   RO          394    i.LCD_Fast_DrawPoint  lcd.o
    0x08001038   0x08001038   0x0000008c   Code   RO          395    i.LCD_Fill          lcd.o
    0x080010c4   0x080010c4   0x00002e2c   Code   RO          396    i.LCD_Init          lcd.o
    0x08003ef0   0x08003ef0   0x00000014   Code   RO          398    i.LCD_RD_DATA       lcd.o
    0x08003f04   0x08003f04   0x00000018   Code   RO          400    i.LCD_ReadReg       lcd.o
    0x08003f1c   0x08003f1c   0x0000003c   Code   RO          401    i.LCD_SSD_BackLightSet  lcd.o
    0x08003f58   0x08003f58   0x000001a8   Code   RO          402    i.LCD_Scan_Dir      lcd.o
    0x08004100   0x08004100   0x00000148   Code   RO          403    i.LCD_SetCursor     lcd.o
    0x08004248   0x08004248   0x0000017c   Code   RO          404    i.LCD_Set_Window    lcd.o
    0x080043c4   0x080043c4   0x000000cc   Code   RO          405    i.LCD_ShowChar      lcd.o
    0x08004490   0x08004490   0x00000054   Code   RO          407    i.LCD_ShowString    lcd.o
    0x080044e4   0x080044e4   0x00000014   Code   RO          412    i.LCD_WriteRAM_Prepare  lcd.o
    0x080044f8   0x080044f8   0x00000010   Code   RO          413    i.LCD_WriteReg      lcd.o
    0x08004508   0x08004508   0x00000050   Code   RO          353    i.LED_Init          led.o
    0x08004558   0x08004558   0x00000002   Code   RO          238    i.MemManage_Handler  stm32f10x_it.o
    0x0800455a   0x0800455a   0x00000002   Code   RO          239    i.NMI_Handler       stm32f10x_it.o
    0x0800455c   0x0800455c   0x00000064   Code   RO         1521    i.NVIC_Init         misc.o
    0x080045c0   0x080045c0   0x00000014   Code   RO         1522    i.NVIC_PriorityGroupConfig  misc.o
    0x080045d4   0x080045d4   0x00000026   Code   RO          993    i.OV7670_Brightness  ov7670.o
    0x080045fa   0x080045fa   0x00000072   Code   RO          994    i.OV7670_Color_Saturation  ov7670.o
    0x0800466c   0x0800466c   0x00000026   Code   RO          995    i.OV7670_Contrast   ov7670.o
    0x08004692   0x08004692   0x00000002   PAD
    0x08004694   0x08004694   0x00000110   Code   RO          996    i.OV7670_Init       ov7670.o
    0x080047a4   0x080047a4   0x0000007e   Code   RO          997    i.OV7670_Light_Mode  ov7670.o
    0x08004822   0x08004822   0x00000080   Code   RO          998    i.OV7670_Special_Effects  ov7670.o
    0x080048a2   0x080048a2   0x0000006e   Code   RO          999    i.OV7670_Window_Set  ov7670.o
    0x08004910   0x08004910   0x0000004e   Code   RO          739    i.OV7725_Brightness  ov7725.o
    0x0800495e   0x0800495e   0x00000022   Code   RO          740    i.OV7725_Color_Saturation  ov7725.o
    0x08004980   0x08004980   0x00000016   Code   RO          741    i.OV7725_Contrast   ov7725.o
    0x08004996   0x08004996   0x00000002   PAD
    0x08004998   0x08004998   0x0000015c   Code   RO          742    i.OV7725_Init       ov7725.o
    0x08004af4   0x08004af4   0x00000098   Code   RO          743    i.OV7725_Light_Mode  ov7725.o
    0x08004b8c   0x08004b8c   0x0000008a   Code   RO          744    i.OV7725_Special_Effects  ov7725.o
    0x08004c16   0x08004c16   0x00000146   Code   RO          745    i.OV7725_Window_Set  ov7725.o
    0x08004d5c   0x08004d5c   0x000001b0   Code   RO            1    i.OV7725_camera_refresh  main.o
    0x08004f0c   0x08004f0c   0x00000002   Code   RO          240    i.PendSV_Handler    stm32f10x_it.o
    0x08004f0e   0x08004f0e   0x00000002   PAD
    0x08004f10   0x08004f10   0x00000018   Code   RO         1792    i.RCC_AHBPeriphClockCmd  stm32f10x_rcc.o
    0x08004f28   0x08004f28   0x00000018   Code   RO         1793    i.RCC_APB1PeriphClockCmd  stm32f10x_rcc.o
    0x08004f40   0x08004f40   0x00000018   Code   RO         1795    i.RCC_APB2PeriphClockCmd  stm32f10x_rcc.o
    0x08004f58   0x08004f58   0x00000094   Code   RO         1803    i.RCC_GetClocksFreq  stm32f10x_rcc.o
    0x08004fec   0x08004fec   0x0000006c   Code   RO          793    i.SCCB_Init         sccb.o
    0x08005058   0x08005058   0x00000044   Code   RO          794    i.SCCB_No_Ack       sccb.o
    0x0800509c   0x0800509c   0x00000074   Code   RO          795    i.SCCB_RD_Byte      sccb.o
    0x08005110   0x08005110   0x0000004c   Code   RO          796    i.SCCB_RD_Reg       sccb.o
    0x0800515c   0x0800515c   0x00000034   Code   RO          797    i.SCCB_Start        sccb.o
    0x08005190   0x08005190   0x00000038   Code   RO          798    i.SCCB_Stop         sccb.o
    0x080051c8   0x080051c8   0x00000090   Code   RO          799    i.SCCB_WR_Byte      sccb.o
    0x08005258   0x08005258   0x0000003e   Code   RO          800    i.SCCB_WR_Reg       sccb.o
    0x08005296   0x08005296   0x00000002   PAD
    0x08005298   0x08005298   0x0000000c   Code   RO         4087    i.SDIO_ClearFlag    stm32f10x_sdio.o
    0x080052a4   0x080052a4   0x00000014   Code   RO         4099    i.SDIO_GetFlagStatus  stm32f10x_sdio.o
    0x080052b8   0x080052b8   0x00000004   Code   RO         1057    i.SDIO_IRQHandler   sdio_sdcard.o
    0x080052bc   0x080052bc   0x00000028   Code   RO         4107    i.SDIO_SendCommand  stm32f10x_sdio.o
    0x080052e4   0x080052e4   0x000000e8   Code   RO         1066    i.SD_ProcessIRQSrc  sdio_sdcard.o
    0x080053cc   0x080053cc   0x00000094   Code   RO         1243    i.SPI2_Init         spi.o
    0x08005460   0x08005460   0x00000050   Code   RO         1244    i.SPI2_ReadWriteByte  spi.o
    0x080054b0   0x080054b0   0x0000001c   Code   RO         1245    i.SPI2_SetSpeed     spi.o
    0x080054cc   0x080054cc   0x00000014   Code   RO         4277    i.SPI_Cmd           stm32f10x_spi.o
    0x080054e0   0x080054e0   0x0000000e   Code   RO         4285    i.SPI_I2S_GetFlagStatus  stm32f10x_spi.o
    0x080054ee   0x080054ee   0x00000004   Code   RO         4288    i.SPI_I2S_ReceiveData  stm32f10x_spi.o
    0x080054f2   0x080054f2   0x00000004   Code   RO         4289    i.SPI_I2S_SendData  stm32f10x_spi.o
    0x080054f6   0x080054f6   0x00000038   Code   RO         4290    i.SPI_Init          stm32f10x_spi.o
    0x0800552e   0x0800552e   0x00000018   Code   RO         1270    i.STMFLASH_Read     stmflash.o
    0x08005546   0x08005546   0x00000002   PAD
    0x08005548   0x08005548   0x000000c0   Code   RO         1272    i.STMFLASH_Write    stmflash.o
    0x08005608   0x08005608   0x00000026   Code   RO         1273    i.STMFLASH_Write_NoCheck  stmflash.o
    0x0800562e   0x0800562e   0x00000002   Code   RO          241    i.SVC_Handler       stm32f10x_it.o
    0x08005630   0x08005630   0x000000a8   Code   RO          324    i.SetSysClockTo72   system_stm32f10x.o
    0x080056d8   0x080056d8   0x00000018   Code   RO         1525    i.SysTick_CLKSourceConfig  misc.o
    0x080056f0   0x080056f0   0x00000002   Code   RO          242    i.SysTick_Handler   stm32f10x_it.o
    0x080056f2   0x080056f2   0x00000002   PAD
    0x080056f4   0x080056f4   0x00000050   Code   RO          326    i.SystemInit        system_stm32f10x.o
    0x08005744   0x08005744   0x0000006c   Code   RO         2225    i.TI1_Config        stm32f10x_tim.o
    0x080057b0   0x080057b0   0x0000007c   Code   RO         2226    i.TI2_Config        stm32f10x_tim.o
    0x0800582c   0x0800582c   0x00000034   Code   RO          682    i.TIM3_IRQHandler   timer.o
    0x08005860   0x08005860   0x0000003c   Code   RO         4470    i.TIM4_IRQHandler   usmart.o
    0x0800589c   0x0800589c   0x00000080   Code   RO          578    i.TIM5_CH2_Cap_Init  tpad.o
    0x0800591c   0x0800591c   0x00000088   Code   RO          686    i.TIM5_IRQHandler   timer.o
    0x080059a4   0x080059a4   0x00000040   Code   RO          687    i.TIM6_IRQHandler   timer.o
    0x080059e4   0x080059e4   0x00000060   Code   RO          688    i.TIM6_Int_Init     timer.o
    0x08005a44   0x08005a44   0x00000006   Code   RO         2233    i.TIM_ClearFlag     stm32f10x_tim.o
    0x08005a4a   0x08005a4a   0x00000006   Code   RO         2234    i.TIM_ClearITPendingBit  stm32f10x_tim.o
    0x08005a50   0x08005a50   0x00000014   Code   RO         2239    i.TIM_Cmd           stm32f10x_tim.o
    0x08005a64   0x08005a64   0x00000004   Code   RO         2254    i.TIM_GetCapture1   stm32f10x_tim.o
    0x08005a68   0x08005a68   0x00000004   Code   RO         2255    i.TIM_GetCapture2   stm32f10x_tim.o
    0x08005a6c   0x08005a6c   0x00000004   Code   RO         2258    i.TIM_GetCounter    stm32f10x_tim.o
    0x08005a70   0x08005a70   0x0000000e   Code   RO         2259    i.TIM_GetFlagStatus  stm32f10x_tim.o
    0x08005a7e   0x08005a7e   0x00000018   Code   RO         2260    i.TIM_GetITStatus   stm32f10x_tim.o
    0x08005a96   0x08005a96   0x00000002   PAD
    0x08005a98   0x08005a98   0x0000012c   Code   RO         2262    i.TIM_ICInit        stm32f10x_tim.o
    0x08005bc4   0x08005bc4   0x00000010   Code   RO         2264    i.TIM_ITConfig      stm32f10x_tim.o
    0x08005bd4   0x08005bd4   0x0000000c   Code   RO         2270    i.TIM_OC1PolarityConfig  stm32f10x_tim.o
    0x08005be0   0x08005be0   0x00000004   Code   RO         2298    i.TIM_SetAutoreload  stm32f10x_tim.o
    0x08005be4   0x08005be4   0x00000004   Code   RO         2304    i.TIM_SetCounter    stm32f10x_tim.o
    0x08005be8   0x08005be8   0x00000010   Code   RO         2305    i.TIM_SetIC1Prescaler  stm32f10x_tim.o
    0x08005bf8   0x08005bf8   0x00000018   Code   RO         2306    i.TIM_SetIC2Prescaler  stm32f10x_tim.o
    0x08005c10   0x08005c10   0x00000010   Code   RO         2307    i.TIM_SetIC3Prescaler  stm32f10x_tim.o
    0x08005c20   0x08005c20   0x00000018   Code   RO         2308    i.TIM_SetIC4Prescaler  stm32f10x_tim.o
    0x08005c38   0x08005c38   0x0000009c   Code   RO         2310    i.TIM_TimeBaseInit  stm32f10x_tim.o
    0x08005cd4   0x08005cd4   0x0000001c   Code   RO          579    i.TPAD_Get_MaxVal   tpad.o
    0x08005cf0   0x08005cf0   0x0000003c   Code   RO          580    i.TPAD_Get_Val      tpad.o
    0x08005d2c   0x08005d2c   0x000000a8   Code   RO          581    i.TPAD_Init         tpad.o
    0x08005dd4   0x08005dd4   0x00000060   Code   RO          582    i.TPAD_Reset        tpad.o
    0x08005e34   0x08005e34   0x00000040   Code   RO          583    i.TPAD_Scan         tpad.o
    0x08005e74   0x08005e74   0x00000060   Code   RO         4471    i.Timer4_Init       usmart.o
    0x08005ed4   0x08005ed4   0x00000064   Code   RO         1462    i.USART1_IRQHandler  usart.o
    0x08005f38   0x08005f38   0x00000014   Code   RO         1995    i.USART_Cmd         stm32f10x_usart.o
    0x08005f4c   0x08005f4c   0x0000003e   Code   RO         1999    i.USART_GetITStatus  stm32f10x_usart.o
    0x08005f8a   0x08005f8a   0x00000030   Code   RO         2001    i.USART_ITConfig    stm32f10x_usart.o
    0x08005fba   0x08005fba   0x00000002   PAD
    0x08005fbc   0x08005fbc   0x000000ac   Code   RO         2002    i.USART_Init        stm32f10x_usart.o
    0x08006068   0x08006068   0x00000008   Code   RO         2009    i.USART_ReceiveData  stm32f10x_usart.o
    0x08006070   0x08006070   0x00000002   Code   RO          243    i.UsageFault_Handler  stm32f10x_it.o
    0x08006072   0x08006072   0x00000002   PAD
    0x08006074   0x08006074   0x00000058   Code   RO         1308    i.W25QXX_Erase_Sector  w25qxx.o
    0x080060cc   0x080060cc   0x00000058   Code   RO         1309    i.W25QXX_Init       w25qxx.o
    0x08006124   0x08006124   0x00000050   Code   RO         1311    i.W25QXX_Read       w25qxx.o
    0x08006174   0x08006174   0x00000044   Code   RO         1312    i.W25QXX_ReadID     w25qxx.o
    0x080061b8   0x080061b8   0x00000024   Code   RO         1313    i.W25QXX_ReadSR     w25qxx.o
    0x080061dc   0x080061dc   0x0000000c   Code   RO         1315    i.W25QXX_Wait_Busy  w25qxx.o
    0x080061e8   0x080061e8   0x0000009c   Code   RO         1316    i.W25QXX_Write      w25qxx.o
    0x08006284   0x08006284   0x00000020   Code   RO         1318    i.W25QXX_Write_Enable  w25qxx.o
    0x080062a4   0x080062a4   0x0000003e   Code   RO         1319    i.W25QXX_Write_NoCheck  w25qxx.o
    0x080062e2   0x080062e2   0x00000002   PAD
    0x080062e4   0x080062e4   0x00000058   Code   RO         1320    i.W25QXX_Write_Page  w25qxx.o
    0x0800633c   0x0800633c   0x0000000e   Code   RO         4677    i._is_digit         c_w.l(__printf_wp.o)
    0x0800634a   0x0800634a   0x00000002   Code   RO         1463    i._sys_exit         usart.o
    0x0800634c   0x0800634c   0x00000180   Code   RO            2    i.bk_refresh        main.o
    0x080064cc   0x080064cc   0x00000098   Code   RO            3    i.cf                main.o
    0x08006564   0x08006564   0x0000003c   Code   RO         1407    i.delay_init        delay.o
    0x080065a0   0x080065a0   0x00000034   Code   RO         1408    i.delay_ms          delay.o
    0x080065d4   0x080065d4   0x00000034   Code   RO         1409    i.delay_us          delay.o
    0x08006608   0x08006608   0x0000007c   Code   RO            4    i.ele_mag_Init      main.o
    0x08006684   0x08006684   0x00000018   Code   RO         1464    i.fputc             usart.o
    0x0800669c   0x0800669c   0x00000576   Code   RO            5    i.main              main.o
    0x08006c12   0x08006c12   0x00000004   Code   RO         4472    i.read_addr         usmart.o
    0x08006c16   0x08006c16   0x00000002   PAD
    0x08006c18   0x08006c18   0x000002cc   Code   RO            6    i.recg_person       main.o
    0x08006ee4   0x08006ee4   0x0000032c   Code   RO            7    i.remo_noise        main.o
    0x08007210   0x08007210   0x0000001e   Code   RO            8    i.six2one           main.o
    0x0800722e   0x0800722e   0x00000002   PAD
    0x08007230   0x08007230   0x000000a0   Code   RO         1465    i.uart_init         usart.o
    0x080072d0   0x080072d0   0x000000f4   Code   RO            9    i.update_bk         main.o
    0x080073c4   0x080073c4   0x00000094   Code   RO         4473    i.usmart_cmd_rec    usmart.o
    0x08007458   0x08007458   0x00000260   Code   RO         4474    i.usmart_exe        usmart.o
    0x080076b8   0x080076b8   0x0000009c   Code   RO         4563    i.usmart_get_aparm  usmart_str.o
    0x08007754   0x08007754   0x0000002e   Code   RO         4564    i.usmart_get_cmdname  usmart_str.o
    0x08007782   0x08007782   0x00000002   PAD
    0x08007784   0x08007784   0x00000168   Code   RO         4565    i.usmart_get_fname  usmart_str.o
    0x080078ec   0x080078ec   0x000000d0   Code   RO         4566    i.usmart_get_fparam  usmart_str.o
    0x080079bc   0x080079bc   0x00000024   Code   RO         4567    i.usmart_get_parmpos  usmart_str.o
    0x080079e0   0x080079e0   0x00000038   Code   RO         4475    i.usmart_get_runtime  usmart.o
    0x08007a18   0x08007a18   0x00000028   Code   RO         4476    i.usmart_init       usmart.o
    0x08007a40   0x08007a40   0x00000010   Code   RO         4568    i.usmart_pow        usmart_str.o
    0x08007a50   0x08007a50   0x00000030   Code   RO         4477    i.usmart_reset_runtime  usmart.o
    0x08007a80   0x08007a80   0x000000a4   Code   RO         4478    i.usmart_scan       usmart.o
    0x08007b24   0x08007b24   0x00000010   Code   RO         4569    i.usmart_search_nextc  usmart_str.o
    0x08007b34   0x08007b34   0x000000a0   Code   RO         4570    i.usmart_str2num    usmart_str.o
    0x08007bd4   0x08007bd4   0x00000018   Code   RO         4571    i.usmart_strcmp     usmart_str.o
    0x08007bec   0x08007bec   0x00000012   Code   RO         4572    i.usmart_strcopy    usmart_str.o
    0x08007bfe   0x08007bfe   0x00000012   Code   RO         4573    i.usmart_strlen     usmart_str.o
    0x08007c10   0x08007c10   0x00000670   Code   RO         4479    i.usmart_sys_cmd_exe  usmart.o
    0x08008280   0x08008280   0x00000004   Code   RO         4480    i.write_addr        usmart.o
    0x08008284   0x08008284   0x0000005a   Code   RO         4715    x$fpl$dfixu         fz_ws.l(dfixu.o)
    0x080082de   0x080082de   0x00000026   Code   RO         4719    x$fpl$dfltu         fz_ws.l(dflt_clz.o)
    0x08008304   0x08008304   0x00000154   Code   RO         4725    x$fpl$dmul          fz_ws.l(dmul.o)
    0x08008458   0x08008458   0x0000009c   Code   RO         4747    x$fpl$dnaninf       fz_ws.l(dnaninf.o)
    0x080084f4   0x080084f4   0x0000000c   Code   RO         4749    x$fpl$dretinf       fz_ws.l(dretinf.o)
    0x08008500   0x08008500   0x00000000   Code   RO         4753    x$fpl$usenofp       fz_ws.l(usenofp.o)
    0x08008500   0x08008500   0x000017c0   Data   RO          416    .constdata          lcd.o
    0x08009cc0   0x08009cc0   0x00000082   Data   RO          746    .constdata          ov7725.o
    0x08009d42   0x08009d42   0x00000150   Data   RO         1000    .constdata          ov7670.o
    0x08009e92   0x08009e92   0x00000028   Data   RO         4650    .constdata          c_w.l(_printf_hex_int.o)
    0x08009eba   0x08009eba   0x00000011   Data   RO         4685    .constdata          c_w.l(__printf_flags_ss_wp.o)
    0x08009ecb   0x08009ecb   0x00000001   PAD
    0x08009ecc   0x08009ecc   0x00000028   Data   RO         4481    .conststring        usmart.o
    0x08009ef4   0x08009ef4   0x000000a3   Data   RO         4546    .conststring        usmart_config.o
    0x08009f97   0x08009f97   0x00000001   PAD
    0x08009f98   0x08009f98   0x00000020   Data   RO         4912    Region$$Table       anon$$obj.o


    Execution Region RW_IRAM1 (Exec base: 0x20000000, Load base: 0x08009fb8, Size: 0x00002198, Max: 0x00010000, ABSOLUTE, COMPRESSED[0x00000078])

    Exec Addr    Load Addr    Size         Type   Attr      Idx    E Section Name        Object

    0x20000000   COMPRESSED   0x0000000c   Data   RW           14    .data               main.o
    0x2000000c   COMPRESSED   0x00000014   Data   RW          327    .data               system_stm32f10x.o
    0x20000020   COMPRESSED   0x00000001   Data   RW          367    .data               key.o
    0x20000021   COMPRESSED   0x00000001   PAD
    0x20000022   COMPRESSED   0x00000004   Data   RW          417    .data               lcd.o
    0x20000026   COMPRESSED   0x00000004   Data   RW          584    .data               tpad.o
    0x2000002a   COMPRESSED   0x00000001   Data   RW          636    .data               exti.o
    0x2000002b   COMPRESSED   0x00000001   PAD
    0x2000002c   COMPRESSED   0x00000004   Data   RW          690    .data               timer.o
    0x20000030   COMPRESSED   0x00000010   Data   RW         1078    .data               sdio_sdcard.o
    0x20000040   COMPRESSED   0x00000002   Data   RW         1323    .data               w25qxx.o
    0x20000042   COMPRESSED   0x00000004   Data   RW         1410    .data               delay.o
    0x20000046   COMPRESSED   0x00000002   Data   RW         1467    .data               usart.o
    0x20000048   COMPRESSED   0x00000004   Data   RW         1468    .data               usart.o
    0x2000004c   COMPRESSED   0x00000014   Data   RW         1823    .data               stm32f10x_rcc.o
    0x20000060   COMPRESSED   0x0000001c   Data   RW         4482    .data               usmart.o
    0x2000007c   COMPRESSED   0x00000030   Data   RW         4547    .data               usmart_config.o
    0x200000ac   COMPRESSED   0x000000f4   Data   RW         4548    .data               usmart_config.o
    0x200001a0        -       0x0000000e   Zero   RW          415    .bss                lcd.o
    0x200001ae   COMPRESSED   0x00000002   PAD
    0x200001b0        -       0x000002c0   Zero   RW         1077    .bss                sdio_sdcard.o
    0x20000470        -       0x00000800   Zero   RW         1275    .bss                stmflash.o
    0x20000c70        -       0x00001000   Zero   RW         1322    .bss                w25qxx.o
    0x20001c70        -       0x000000c8   Zero   RW         1466    .bss                usart.o
    0x20001d38        -       0x00000060   Zero   RW         4788    .bss                c_w.l(libspace.o)
    0x20001d98        -       0x00000000   Zero   RW         1515    HEAP                startup_stm32f10x_hd.o
    0x20001d98        -       0x00000400   Zero   RW         1514    STACK               startup_stm32f10x_hd.o



  Load Region LR$$.ARM.__AT_0x68000000 (Base: 0x68000000, Size: 0x00000000, Max: 0x00000020, ABSOLUTE)

    Execution Region ER$$.ARM.__AT_0x68000000 (Exec base: 0x68000000, Load base: 0x68000000, Size: 0x00000020, Max: 0x00000020, ABSOLUTE, UNINIT)

    Exec Addr    Load Addr    Size         Type   Attr      Idx    E Section Name        Object

    0x68000000        -       0x00000020   Zero   RW          933    .ARM.__AT_0x68000000  malloc.o



  Load Region LR$$.ARM.__AT_0x68000020 (Base: 0x68000020, Size: 0x00000000, Max: 0x00000004, ABSOLUTE)

    Execution Region ER$$.ARM.__AT_0x68000020 (Exec base: 0x68000020, Load base: 0x68000020, Size: 0x00000004, Max: 0x00000004, ABSOLUTE, UNINIT)

    Exec Addr    Load Addr    Size         Type   Attr      Idx    E Section Name        Object

    0x68000020        -       0x00000002   Zero   RW          934    .ARM.__AT_0x68000020  malloc.o


==============================================================================

Image component sizes


      Code (inc. data)   RO Data    RW Data    ZI Data      Debug   Object Name

       164         26          0          4          0       1627   delay.o
       302         42          0          1          0       2684   exti.o
       228         22          0          1          0       1158   key.o
     14224        182       6080          4         14      53677   lcd.o
        80         10          0          0          0        483   led.o
      4292        354          0         12          0     298270   main.o
         0          0          0          0         34       1768   malloc.o
       144         16          0          0          0       2001   misc.o
       826         62        336          0          0       4961   ov7670.o
      1098         76        130          0          0       7213   ov7725.o
       682         66          0          0          0       4727   sccb.o
       316         18          0         16        704      11842   sdio_sdcard.o
       256         18          0          0          0       1725   spi.o
        60         22        304          0       1024        772   startup_stm32f10x_hd.o
       156         14          0          0          0       2144   stm32f10x_exti.o
       226         30          0          0          0       5115   stm32f10x_flash.o
       232          6          0          0          0       1821   stm32f10x_fsmc.o
       306         12          0          0          0       5044   stm32f10x_gpio.o
        18          0          0          0          0       3486   stm32f10x_it.o
       220         34          0         20          0       4962   stm32f10x_rcc.o
        72         16          0          0          0       3401   stm32f10x_sdio.o
        98          0          0          0          0       3722   stm32f10x_spi.o
       886        106          0          0          0      13516   stm32f10x_tim.o
       310          6          0          0          0       5058   stm32f10x_usart.o
       254          6          0          0       2048       3113   stmflash.o
         0          0          0          0          0         32   sys.o
       248         24          0         20          0       1633   system_stm32f10x.o
       348         46          0          4          0       2542   timer.o
       544         58          0          4          0       4525   tpad.o
       286         26          0          6        200       4020   usart.o
      2876       1332         40         28          0       7434   usmart.o
         0          0        163        292          0       1576   usmart_config.o
      1058         20          0          0          0       8767   usmart_str.o
       710         58          0          2       4096       6775   w25qxx.o

    ----------------------------------------------------------------------
     31554       2708       7086        416       8124     481594   Object Totals
         0          0         32          0          0          0   (incl. Generated)
        34          0          1          2          4          0   (incl. Padding)

    ----------------------------------------------------------------------

      Code (inc. data)   RO Data    RW Data    ZI Data      Debug   Library Member Name

        90          0          0          0          0          0   __dczerorl2.o
         8          0          0          0          0         68   __main.o
       392          4         17          0          0         92   __printf_flags_ss_wp.o
        14          0          0          0          0         68   __printf_wp.o
         0          0          0          0          0          0   __rtentry.o
        12          0          0          0          0          0   __rtentry2.o
         6          0          0          0          0          0   __rtentry4.o
        52          8          0          0          0          0   __scatter.o
        28          0          0          0          0          0   __scatter_zi.o
         6          0          0          0          0          0   _printf_c.o
        44          0          0          0          0        108   _printf_char.o
        48          6          0          0          0         96   _printf_char_common.o
        36          4          0          0          0         80   _printf_char_file.o
         6          0          0          0          0          0   _printf_d.o
       120         16          0          0          0         92   _printf_dec.o
        88          4         40          0          0         88   _printf_hex_int.o
       178          0          0          0          0         88   _printf_intcommon.o
        78          0          0          0          0        108   _printf_pad.o
         0          0          0          0          0          0   _printf_percent.o
         4          0          0          0          0          0   _printf_percent_end.o
         6          0          0          0          0          0   _printf_s.o
        82          0          0          0          0         80   _printf_str.o
         6          0          0          0          0          0   _printf_u.o
         6          0          0          0          0          0   _printf_x.o
        18          0          0          0          0         80   exit.o
         8          0          0          0          0         68   ferror.o
         6          0          0          0          0        152   heapauxi.o
         2          0          0          0          0          0   libinit.o
         2          0          0          0          0          0   libinit2.o
         2          0          0          0          0          0   libshutdown.o
         2          0          0          0          0          0   libshutdown2.o
         8          4          0          0         96         68   libspace.o
        24          4          0          0          0         84   noretval__2printf.o
        78          0          0          0          0         80   rt_memclr_w.o
         2          0          0          0          0          0   rtexit.o
        10          0          0          0          0          0   rtexit2.o
        74          0          0          0          0         80   sys_stackheap_outer.o
         2          0          0          0          0         68   use_no_semi.o
         2          0          0          0          0         68   use_no_semi_2.o
        90          4          0          0          0         92   dfixu.o
        38          0          0          0          0         68   dflt_clz.o
       340         12          0          0          0        104   dmul.o
       156          4          0          0          0         92   dnaninf.o
        12          0          0          0          0         68   dretinf.o
         0          0          0          0          0          0   usenofp.o

    ----------------------------------------------------------------------
      2190         70         58          0         96       2140   Library Totals
         4          0          1          0          0          0   (incl. Padding)

    ----------------------------------------------------------------------

      Code (inc. data)   RO Data    RW Data    ZI Data      Debug   Library Name

      1550         50         57          0         96       1716   c_w.l
       636         20          0          0          0        424   fz_ws.l

    ----------------------------------------------------------------------
      2190         70         58          0         96       2140   Library Totals

    ----------------------------------------------------------------------

==============================================================================


      Code (inc. data)   RO Data    RW Data    ZI Data      Debug   

     33744       2778       7144        416       8220     473590   Grand Totals
     33744       2778       7144        120       8220     473590   ELF Image Totals (compressed)
     33744       2778       7144        120          0          0   ROM Totals

==============================================================================

    Total RO  Size (Code + RO Data)                40888 (  39.93kB)
    Total RW  Size (RW Data + ZI Data)              8636 (   8.43kB)
    Total ROM Size (Code + RO Data + RW Data)      41008 (  40.05kB)

==============================================================================

